Archive member included because of file (symbol)

c:/software/altera/10.1/nios2eds/bin/gnu/h-i686-mingw32/bin/../lib/gcc/nios2-elf/4.1.2/../../../../nios2-elf/lib/mno-hw-mul\libm.a(lib_a-s_ceil.o)
                              obj/music_lab.o (ceil)
c:/software/altera/10.1/nios2eds/bin/gnu/h-i686-mingw32/bin/../lib/gcc/nios2-elf/4.1.2/../../../../nios2-elf/lib/mno-hw-mul\libm.a(lib_a-s_floor.o)
                              obj/music_lab.o (floor)
c:/software/altera/10.1/nios2eds/bin/gnu/h-i686-mingw32/bin/../lib/gcc/nios2-elf/4.1.2/mno-hw-mul\libgcc.a(_mul_sf.o)
                              obj/music_lab.o (__mulsf3)
c:/software/altera/10.1/nios2eds/bin/gnu/h-i686-mingw32/bin/../lib/gcc/nios2-elf/4.1.2/mno-hw-mul\libgcc.a(_sf_to_df.o)
                              obj/music_lab.o (__extendsfdf2)
c:/software/altera/10.1/nios2eds/bin/gnu/h-i686-mingw32/bin/../lib/gcc/nios2-elf/4.1.2/mno-hw-mul\libgcc.a(_thenan_sf.o)
                              c:/software/altera/10.1/nios2eds/bin/gnu/h-i686-mingw32/bin/../lib/gcc/nios2-elf/4.1.2/mno-hw-mul\libgcc.a(_mul_sf.o) (__thenan_sf)
c:/software/altera/10.1/nios2eds/bin/gnu/h-i686-mingw32/bin/../lib/gcc/nios2-elf/4.1.2/mno-hw-mul\libgcc.a(_usi_to_sf.o)
                              obj/music_lab.o (__floatunsisf)
c:/software/altera/10.1/nios2eds/bin/gnu/h-i686-mingw32/bin/../lib/gcc/nios2-elf/4.1.2/mno-hw-mul\libgcc.a(_addsub_df.o)
                              obj/music_lab.o (__adddf3)
c:/software/altera/10.1/nios2eds/bin/gnu/h-i686-mingw32/bin/../lib/gcc/nios2-elf/4.1.2/mno-hw-mul\libgcc.a(_gt_df.o)
                              c:/software/altera/10.1/nios2eds/bin/gnu/h-i686-mingw32/bin/../lib/gcc/nios2-elf/4.1.2/../../../../nios2-elf/lib/mno-hw-mul\libm.a(lib_a-s_ceil.o) (__gtdf2)
c:/software/altera/10.1/nios2eds/bin/gnu/h-i686-mingw32/bin/../lib/gcc/nios2-elf/4.1.2/mno-hw-mul\libgcc.a(_si_to_df.o)
                              obj/music_lab.o (__floatsidf)
c:/software/altera/10.1/nios2eds/bin/gnu/h-i686-mingw32/bin/../lib/gcc/nios2-elf/4.1.2/mno-hw-mul\libgcc.a(_df_to_si.o)
                              obj/music_lab.o (__fixdfsi)
c:/software/altera/10.1/nios2eds/bin/gnu/h-i686-mingw32/bin/../lib/gcc/nios2-elf/4.1.2/mno-hw-mul\libgcc.a(_make_df.o)
                              c:/software/altera/10.1/nios2eds/bin/gnu/h-i686-mingw32/bin/../lib/gcc/nios2-elf/4.1.2/mno-hw-mul\libgcc.a(_sf_to_df.o) (__make_dp)
c:/software/altera/10.1/nios2eds/bin/gnu/h-i686-mingw32/bin/../lib/gcc/nios2-elf/4.1.2/mno-hw-mul\libgcc.a(_thenan_df.o)
                              c:/software/altera/10.1/nios2eds/bin/gnu/h-i686-mingw32/bin/../lib/gcc/nios2-elf/4.1.2/mno-hw-mul\libgcc.a(_addsub_df.o) (__thenan_df)
c:/software/altera/10.1/nios2eds/bin/gnu/h-i686-mingw32/bin/../lib/gcc/nios2-elf/4.1.2/mno-hw-mul\libgcc.a(_usi_to_df.o)
                              obj/music_lab.o (__floatunsidf)
c:/software/altera/10.1/nios2eds/bin/gnu/h-i686-mingw32/bin/../lib/gcc/nios2-elf/4.1.2/mno-hw-mul\libgcc.a(lib2-divmod.o)
                              obj/music_lab.o (__divsi3)
c:/software/altera/10.1/nios2eds/bin/gnu/h-i686-mingw32/bin/../lib/gcc/nios2-elf/4.1.2/mno-hw-mul\libgcc.a(lib2-divtable.o)
                              obj/music_lab.o (__divsi3_table)
c:/software/altera/10.1/nios2eds/bin/gnu/h-i686-mingw32/bin/../lib/gcc/nios2-elf/4.1.2/mno-hw-mul\libgcc.a(lib2-mul.o)
                              obj/music_lab.o (__mulsi3)
c:/software/altera/10.1/nios2eds/bin/gnu/h-i686-mingw32/bin/../lib/gcc/nios2-elf/4.1.2/mno-hw-mul\libgcc.a(_muldi3.o)
                              c:/software/altera/10.1/nios2eds/bin/gnu/h-i686-mingw32/bin/../lib/gcc/nios2-elf/4.1.2/mno-hw-mul\libgcc.a(_mul_sf.o) (__muldi3)
c:/software/altera/10.1/nios2eds/bin/gnu/h-i686-mingw32/bin/../lib/gcc/nios2-elf/4.1.2/mno-hw-mul\libgcc.a(_clzsi2.o)
                              c:/software/altera/10.1/nios2eds/bin/gnu/h-i686-mingw32/bin/../lib/gcc/nios2-elf/4.1.2/mno-hw-mul\libgcc.a(_usi_to_sf.o) (__clzsi2)
c:/software/altera/10.1/nios2eds/bin/gnu/h-i686-mingw32/bin/../lib/gcc/nios2-elf/4.1.2/mno-hw-mul\libgcc.a(_pack_sf.o)
                              c:/software/altera/10.1/nios2eds/bin/gnu/h-i686-mingw32/bin/../lib/gcc/nios2-elf/4.1.2/mno-hw-mul\libgcc.a(_mul_sf.o) (__pack_f)
c:/software/altera/10.1/nios2eds/bin/gnu/h-i686-mingw32/bin/../lib/gcc/nios2-elf/4.1.2/mno-hw-mul\libgcc.a(_unpack_sf.o)
                              c:/software/altera/10.1/nios2eds/bin/gnu/h-i686-mingw32/bin/../lib/gcc/nios2-elf/4.1.2/mno-hw-mul\libgcc.a(_mul_sf.o) (__unpack_f)
c:/software/altera/10.1/nios2eds/bin/gnu/h-i686-mingw32/bin/../lib/gcc/nios2-elf/4.1.2/mno-hw-mul\libgcc.a(_pack_df.o)
                              c:/software/altera/10.1/nios2eds/bin/gnu/h-i686-mingw32/bin/../lib/gcc/nios2-elf/4.1.2/mno-hw-mul\libgcc.a(_addsub_df.o) (__pack_d)
c:/software/altera/10.1/nios2eds/bin/gnu/h-i686-mingw32/bin/../lib/gcc/nios2-elf/4.1.2/mno-hw-mul\libgcc.a(_unpack_df.o)
[...]
Memory Configuration

Name             Origin             Length             Attributes
reset            0x01000000         0x00000020
sdram_0          0x01000020         0x007fffe0
*default*        0x00000000         0xffffffff

Linker script and memory map

LOAD ../music_lab_bsp/obj/HAL/src/crt0.o
LOAD obj/LCD.o
LOAD obj/Open_I2C.o
LOAD obj/music_lab.o
LOAD obj/wm8731.o
LOAD c:/software/altera/10.1/nios2eds/bin/gnu/h-i686-mingw32/bin/../lib/gcc/nios2-elf/4.1.2/../../../../nios2-elf/lib/mno-hw-mul\libstdc++.a
LOAD c:/software/altera/10.1/nios2eds/bin/gnu/h-i686-mingw32/bin/../lib/gcc/nios2-elf/4.1.2/../../../../nios2-elf/lib/mno-hw-mul\libm.a
LOAD c:/software/altera/10.1/nios2eds/bin/gnu/h-i686-mingw32/bin/../lib/gcc/nios2-elf/4.1.2/mno-hw-mul\libgcc.a
START GROUP
LOAD c:/software/altera/10.1/nios2eds/bin/gnu/h-i686-mingw32/bin/../lib/gcc/nios2-elf/4.1.2/../../../../nios2-elf/lib/mno-hw-mul\libc.a
LOAD c:/software/altera/10.1/nios2eds/bin/gnu/h-i686-mingw32/bin/../lib/gcc/nios2-elf/4.1.2/mno-hw-mul\libgcc.a
LOAD ../music_lab_bsp\libhal_bsp.a
END GROUP
LOAD c:/software/altera/10.1/nios2eds/bin/gnu/h-i686-mingw32/bin/../lib/gcc/nios2-elf/4.1.2/mno-hw-mul\libgcc.a
                0x01000000                __alt_mem_sdram_0 = 0x1000000

.entry          0x01000000       0x20
 *(.entry)
 .entry         0x01000000       0x20 ../music_lab_bsp/obj/HAL/src/crt0.o
                0x01000000                __reset

.exceptions     0x01000020      0x194
                0x01000020                PROVIDE (__ram_exceptions_start, ABSOLUTE (.))
                0x01000020                . = ALIGN (0x20)
 *(.irq)
 *(.exceptions.entry.label)
 .exceptions.entry.label
                0x01000020        0x0 ../music_lab_bsp\libhal_bsp.a(alt_irq_entry.o)
                0x01000020                alt_irq_entry
 .exceptions.entry.label
                0x01000020        0x0 ../music_lab_bsp\libhal_bsp.a(alt_exception_entry.o)
                0x01000020                alt_exception
 *(.exceptions.entry.user)
 *(.exceptions.entry)
 .exceptions.entry
                0x01000020       0x54 ../music_lab_bsp\libhal_bsp.a(alt_exception_entry.o)
 *(.exceptions.irqtest.user)
 *(.exceptions.irqtest)
 .exceptions.irqtest
                0x01000074       0x10 ../music_lab_bsp\libhal_bsp.a(alt_irq_entry.o)
 *(.exceptions.irqhandler.user)
 *(.exceptions.irqhandler)
 .exceptions.irqhandler
                0x01000084        0x4 ../music_lab_bsp\libhal_bsp.a(alt_irq_entry.o)
 *(.exceptions.irqreturn.user)
 *(.exceptions.irqreturn)
 .exceptions.irqreturn
                0x01000088        0x4 ../music_lab_bsp\libhal_bsp.a(alt_irq_entry.o)
 *(.exceptions.notirq.label)
 .exceptions.notirq.label
                0x0100008c        0x0 ../music_lab_bsp\libhal_bsp.a(alt_irq_entry.o)
 *(.exceptions.notirq.user)
 *(.exceptions.notirq)
 .exceptions.notirq
                0x0100008c        0x8 ../music_lab_bsp\libhal_bsp.a(alt_exception_entry.o)
 *(.exceptions.soft.user)
 *(.exceptions.soft)
 *(.exceptions.unknown.user)
 *(.exceptions.unknown)
 .exceptions.unknown
                0x01000094        0x4 ../music_lab_bsp\libhal_bsp.a(alt_exception_entry.o)
 *(.exceptions.exit.label)
 .exceptions.exit.label
                0x01000098        0x0 ../music_lab_bsp\libhal_bsp.a(alt_irq_entry.o)
 .exceptions.exit.label
                0x01000098        0x0 ../music_lab_bsp\libhal_bsp.a(alt_exception_entry.o)
 *(.exceptions.exit.user)
 *(.exceptions.exit)
 .exceptions.exit
                0x01000098       0x54 ../music_lab_bsp\libhal_bsp.a(alt_exception_entry.o)
 *(.exceptions)
 .exceptions    0x010000ec       0xc8 ../music_lab_bsp\libhal_bsp.a(alt_irq_handler.o)
                0x010000ec                alt_irq_handler
                0x010001b4                PROVIDE (__ram_exceptions_end, ABSOLUTE (.))
                0x01000020                PROVIDE (__flash_exceptions_start, LOADADDR (.exceptions))

.text           0x010001b4    0x107a8
                0x010001b4                PROVIDE (stext, ABSOLUTE (.))
 *(.interp)
 *(.hash)
 *(.dynsym)
 *(.dynstr)
 *(.gnu.version)
 *(.gnu.version_d)
 *(.gnu.version_r)
 *(.rel.init)
 *(.rela.init)
 *(.rel.text .rel.text.* .rel.gnu.linkonce.t.*)
 *(.rela.text .rela.text.* .rela.gnu.linkonce.t.*)
 *(.rel.fini)
 *(.rela.fini)
 *(.rel.rodata .rel.rodata.* .rel.gnu.linkonce.r.*)
 *(.rela.rodata .rela.rodata.* .rela.gnu.linkonce.r.*)
 *(.rel.data .rel.data.* .rel.gnu.linkonce.d.*)
 *(.rela.data .rela.data.* .rela.gnu.linkonce.d.*)
 *(.rel.tdata .rel.tdata.* .rel.gnu.linkonce.td.*)
 *(.rela.tdata .rela.tdata.* .rela.gnu.linkonce.td.*)
 *(.rel.tbss .rel.tbss.* .rel.gnu.linkonce.tb.*)
 *(.rela.tbss .rela.tbss.* .rela.gnu.linkonce.tb.*)
 *(.rel.ctors)
 *(.rela.ctors)
 *(.rel.dtors)
 *(.rela.dtors)
 *(.rel.got)
 *(.rela.got)
 *(.rel.sdata .rel.sdata.* .rel.gnu.linkonce.s.*)
 *(.rela.sdata .rela.sdata.* .rela.gnu.linkonce.s.*)
 *(.rel.sbss .rel.sbss.* .rel.gnu.linkonce.sb.*)
 *(.rela.sbss .rela.sbss.* .rela.gnu.linkonce.sb.*)
 *(.rel.sdata2 .rel.sdata2.* .rel.gnu.linkonce.s2.*)
 *(.rela.sdata2 .rela.sdata2.* .rela.gnu.linkonce.s2.*)
 *(.rel.sbss2 .rel.sbss2.* .rel.gnu.linkonce.sb2.*)
 *(.rela.sbss2 .rela.sbss2.* .rela.gnu.linkonce.sb2.*)
 *(.rel.bss .rel.bss.* .rel.gnu.linkonce.b.*)
 *(.rela.bss .rela.bss.* .rela.gnu.linkonce.b.*)
 *(.rel.plt)
 *(.rela.plt)
 *(.rel.dyn)
 *(.init)
 *(.plt)
 *(.text .stub .text.* .gnu.linkonce.t.*)
 .text          0x010001b4       0x3c ../music_lab_bsp/obj/HAL/src/crt0.o
                0x010001b4                _start
 .text          0x010001f0      0x50c obj/LCD.o
                0x010001f0                LCD_Line2
                0x01000204                LCD_Init
                0x0100027c                LCD_Show_Text
                0x010002dc                LCD_Test
                0x010003d4                LCD_File_Buffering
                0x01000504                LCD_Display
 .text          0x010006fc      0x134 obj/Open_I2C.o
                0x010006fc                I2C_Read_CMD
                0x0100070c                I2C_Read_Status
                0x0100071c                I2C_Read_RX
                0x0100072c                I2C_Read_Ctrl
                0x0100073c                I2C_Read_Period
                0x01000760                I2C_Write_CMD
                0x01000770                I2C_Write_TX
                0x01000780                I2C_Write_Ctrl
                0x01000790                I2C_Write_Period
                0x010007ac                I2C_Send
                0x01000808                I2C_Init
 .text          0x01000830     0x1e80 obj/music_lab.o
                0x01000830                FirstSectorofCluster
                0x01000860                isEOF
                0x0100089c                write_to_codec
                0x010008d8                send_cmd
                0x010009dc                response_R
                0x01000bc8                Ncc
                0x01000c14                Ncr
                0x01000c38                info_bs
                0x01000dcc                SD_read_lba
                0x01001028                get_rel_sector
                0x010011cc                search_for_filetype
                0x0100160c                CalcFATSecAndOffset
                0x01001818                build_cluster_chain
                0x010018f8                init_bs
                0x01001e20                init_mbr
                0x01001f28                SD_card_init
                0x0100239c                main
 .text          0x010026b0      0x160 obj/wm8731.o
                0x010026b0                init_audio_codec
 .text          0x01002810      0x214 c:/software/altera/10.1/nios2eds/bin/gnu/h-i686-mingw32/bin/../lib/gcc/nios2-elf/4.1.2/../../../../nios2-elf/lib/mno-hw-mul\libm.a(lib_a-s_ceil.o)
                0x01002810                ceil
 .text          0x01002a24      0x224 c:/software/altera/10.1/nios2eds/bin/gnu/h-i686-mingw32/bin/../lib/gcc/nios2-elf/4.1.2/../../../../nios2-elf/lib/mno-hw-mul\libm.a(lib_a-s_floor.o)
                0x01002a24                floor
 .text          0x01002c48      0x1e0 c:/software/altera/10.1/nios2eds/bin/gnu/h-i686-mingw32/bin/../lib/gcc/nios2-elf/4.1.2/mno-hw-mul\libgcc.a(_mul_sf.o)
                0x01002c48                __mulsf3
 .text          0x01002e28       0x54 c:/software/altera/10.1/nios2eds/bin/gnu/h-i686-mingw32/bin/../lib/gcc/nios2-elf/4.1.2/mno-hw-mul\libgcc.a(_sf_to_df.o)
                0x01002e28                __extendsfdf2
 .text          0x01002e7c        0x0 c:/software/altera/10.1/nios2eds/bin/gnu/h-i686-mingw32/bin/../lib/gcc/nios2-elf/4.1.2/mno-hw-mul\libgcc.a(_thenan_sf.o)
 .text          0x01002e7c       0xc0 c:/software/altera/10.1/nios2eds/bin/gnu/h-i686-mingw32/bin/../lib/gcc/nios2-elf/4.1.2/mno-hw-mul\libgcc.a(_usi_to_sf.o)
                0x01002e7c                __floatunsisf
 .text          0x01002f3c      0x504 c:/software/altera/10.1/nios2eds/bin/gnu/h-i686-mingw32/bin/../lib/gcc/nios2-elf/4.1.2/mno-hw-mul\libgcc.a(_addsub_df.o)
                0x0100334c                __subdf3
                0x010033cc                __adddf3
 .text          0x01003440       0x88 c:/software/altera/10.1/nios2eds/bin/gnu/h-i686-mingw32/bin/../lib/gcc/nios2-elf/4.1.2/mno-hw-mul\libgcc.a(_gt_df.o)
                0x01003440                __gtdf2
 .text          0x010034c8       0xf8 c:/software/altera/10.1/nios2eds/bin/gnu/h-i686-mingw32/bin/../lib/gcc/nios2-elf/4.1.2/mno-hw-mul\libgcc.a(_si_to_df.o)
                0x010034c8                __floatsidf
 .text          0x010035c0       0xd8 c:/software/altera/10.1/nios2eds/bin/gnu/h-i686-mingw32/bin/../lib/gcc/nios2-elf/4.1.2/mno-hw-mul\libgcc.a(_df_to_si.o)
                0x010035c0                __fixdfsi
 .text          0x01003698       0x38 c:/software/altera/10.1/nios2eds/bin/gnu/h-i686-mingw32/bin/../lib/gcc/nios2-elf/4.1.2/mno-hw-mul\libgcc.a(_make_df.o)
                0x01003698                __make_dp
 .text          0x010036d0        0x0 c:/software/altera/10.1/nios2eds/bin/gnu/h-i686-mingw32/bin/../lib/gcc/nios2-elf/4.1.2/mno-hw-mul\libgcc.a(_thenan_df.o)
 .text          0x010036d0      0x194 c:/software/altera/10.1/nios2eds/bin/gnu/h-i686-mingw32/bin/../lib/gcc/nios2-elf/4.1.2/mno-hw-mul\libgcc.a(_usi_to_df.o)
                0x010036d0                __floatunsidf
 .text          0x01003864      0x14c c:/software/altera/10.1/nios2eds/bin/gnu/h-i686-mingw32/bin/../lib/gcc/nios2-elf/4.1.2/mno-hw-mul\libgcc.a(lib2-divmod.o)
                0x010038e0                __divsi3
                0x01003940                __modsi3
                0x010039a0                __udivsi3
                0x010039a8                __umodsi3
 .text          0x010039b0        0x0 c:/software/altera/10.1/nios2eds/bin/gnu/h-i686-mingw32/bin/../lib/gcc/nios2-elf/4.1.2/mno-hw-mul\libgcc.a(lib2-divtable.o)
 .text          0x010039b0       0x38 c:/software/altera/10.1/nios2eds/bin/gnu/h-i686-mingw32/bin/../lib/gcc/nios2-elf/4.1.2/mno-hw-mul\libgcc.a(lib2-mul.o)
                0x010039b0                __mulsi3
 .text          0x010039e8      0x124 c:/software/altera/10.1/nios2eds/bin/gnu/h-i686-mingw32/bin/../lib/gcc/nios2-elf/4.1.2/mno-hw-mul\libgcc.a(_muldi3.o)
                0x010039e8                __muldi3
 .text          0x01003b0c       0x80 c:/software/altera/10.1/nios2eds/bin/gnu/h-i686-mingw32/bin/../lib/gcc/nios2-elf/4.1.2/mno-hw-mul\libgcc.a(_clzsi2.o)
                0x01003b0c                __clzsi2
 .text          0x01003b8c      0x160 c:/software/altera/10.1/nios2eds/bin/gnu/h-i686-mingw32/bin/../lib/gcc/nios2-elf/4.1.2/mno-hw-mul\libgcc.a(_pack_sf.o)
                0x01003b8c                __pack_f
 .text          0x01003cec       0xc8 c:/software/altera/10.1/nios2eds/bin/gnu/h-i686-mingw32/bin/../lib/gcc/nios2-elf/4.1.2/mno-hw-mul\libgcc.a(_unpack_sf.o)
                0x01003cec                __unpack_f
 .text          0x01003db4      0x314 c:/software/altera/10.1/nios2eds/bin/gnu/h-i686-mingw32/bin/../lib/gcc/nios2-elf/4.1.2/mno-hw-mul\libgcc.a(_pack_df.o)
                0x01003db4                __pack_d
 .text          0x010040c8      0x138 c:/software/altera/10.1/nios2eds/bin/gnu/h-i686-mingw32/bin/../lib/gcc/nios2-elf/4.1.2/mno-hw-mul\libgcc.a(_unpack_df.o)
                0x010040c8                __unpack_d
 .text          0x01004200       0xc8 c:/software/altera/10.1/nios2eds/bin/gnu/h-i686-mingw32/bin/../lib/gcc/nios2-elf/4.1.2/mno-hw-mul\libgcc.a(_fpcmp_parts_df.o)
                0x01004200                __fpcmp_parts_d
 .text          0x010042c8        0x0 c:/software/altera/10.1/nios2eds/bin/gnu/h-i686-mingw32/bin/../lib/gcc/nios2-elf/4.1.2/mno-hw-mul\libgcc.a(_clz.o)
 .text          0x010042c8       0x98 c:/software/altera/10.1/nios2eds/bin/gnu/h-i686-mingw32/bin/../lib/gcc/nios2-elf/4.1.2/../../../../nios2-elf/lib/mno-hw-mul\libc.a(lib_a-memset.o)
                0x010042c8                memset
 .text          0x01004360       0x78 c:/software/altera/10.1/nios2eds/bin/gnu/h-i686-mingw32/bin/../lib/gcc/nios2-elf/4.1.2/../../../../nios2-elf/lib/mno-hw-mul\libc.a(lib_a-printf.o)
                0x01004360                printf
                0x010043a4                _printf_r
 .text          0x010043d8       0xb4 c:/software/altera/10.1/nios2eds/bin/gnu/h-i686-mingw32/bin/../lib/gcc/nios2-elf/4.1.2/../../../../nios2-elf/lib/mno-hw-mul\libc.a(lib_a-puts.o)
                0x010043d8                _puts_r
                0x01004478                puts
 .text          0x0100448c       0xbc c:/software/altera/10.1/nios2eds/bin/gnu/h-i686-mingw32/bin/../lib/gcc/nios2-elf/4.1.2/../../../../nios2-elf/lib/mno-hw-mul\libc.a(lib_a-strcmp.o)
                0x0100448c                strcmp
 .text          0x01004548       0x8c c:/software/altera/10.1/nios2eds/bin/gnu/h-i686-mingw32/bin/../lib/gcc/nios2-elf/4.1.2/../../../../nios2-elf/lib/mno-hw-mul\libc.a(lib_a-strcpy.o)
                0x01004548                strcpy
 .text          0x010045d4       0x74 c:/software/altera/10.1/nios2eds/bin/gnu/h-i686-mingw32/bin/../lib/gcc/nios2-elf/4.1.2/../../../../nios2-elf/lib/mno-hw-mul\libc.a(lib_a-strlen.o)
                0x010045d4                strlen
 .text          0x01004648     0x1f40 c:/software/altera/10.1/nios2eds/bin/gnu/h-i686-mingw32/bin/../lib/gcc/nios2-elf/4.1.2/../../../../nios2-elf/lib/mno-hw-mul\libc.a(lib_a-vfprintf.o)
                0x010046a0                ___vfprintf_internal_r
                0x01006564                __vfprintf_internal
 .text          0x01006588      0x13c c:/software/altera/10.1/nios2eds/bin/gnu/h-i686-mingw32/bin/../lib/gcc/nios2-elf/4.1.2/../../../../nios2-elf/lib/mno-hw-mul\libc.a(lib_a-wsetup.o)
                0x01006588                __swsetup_r
 .text          0x010066c4     0x17f8 c:/software/altera/10.1/nios2eds/bin/gnu/h-i686-mingw32/bin/../lib/gcc/nios2-elf/4.1.2/../../../../nios2-elf/lib/mno-hw-mul\libc.a(lib_a-dtoa.o)
                0x01006908                _dtoa_r
 .text          0x01007ebc      0x230 c:/software/altera/10.1/nios2eds/bin/gnu/h-i686-mingw32/bin/../lib/gcc/nios2-elf/4.1.2/../../../../nios2-elf/lib/mno-hw-mul\libc.a(lib_a-fflush.o)
                0x01007ebc                _fflush_r
                0x010080b8                fflush
 .text          0x010080ec      0x2f4 c:/software/altera/10.1/nios2eds/bin/gnu/h-i686-mingw32/bin/../lib/gcc/nios2-elf/4.1.2/../../../../nios2-elf/lib/mno-hw-mul\libc.a(lib_a-findfp.o)
                0x01008144                __sfp_lock_acquire
                0x01008148                __sfp_lock_release
                0x0100814c                __sinit_lock_acquire
                0x01008150                __sinit_lock_release
                0x01008154                __sinit
                0x01008208                __fp_unlock_all
                0x01008220                __fp_lock_all
                0x01008238                _cleanup_r
                0x01008244                _cleanup
                0x01008254                __sfmoreglue
                0x010082f0                __sfp
 .text          0x010083e0      0x440 c:/software/altera/10.1/nios2eds/bin/gnu/h-i686-mingw32/bin/../lib/gcc/nios2-elf/4.1.2/../../../../nios2-elf/lib/mno-hw-mul\libc.a(lib_a-freer.o)
                0x010083e0                _malloc_trim_r
                0x0100850c                _free_r
 .text          0x01008820      0x49c c:/software/altera/10.1/nios2eds/bin/gnu/h-i686-mingw32/bin/../lib/gcc/nios2-elf/4.1.2/../../../../nios2-elf/lib/mno-hw-mul\libc.a(lib_a-fvwrite.o)
                0x01008820                __sfvwrite_r
 .text          0x01008cbc      0x180 c:/software/altera/10.1/nios2eds/bin/gnu/h-i686-mingw32/bin/../lib/gcc/nios2-elf/4.1.2/../../../../nios2-elf/lib/mno-hw-mul\libc.a(lib_a-fwalk.o)
                0x01008cbc                _fwalk_reent
                0x01008d84                _fwalk
 .text          0x01008e3c        0x0 c:/software/altera/10.1/nios2eds/bin/gnu/h-i686-mingw32/bin/../lib/gcc/nios2-elf/4.1.2/../../../../nios2-elf/lib/mno-hw-mul\libc.a(lib_a-impure.o)
 .text          0x01008e3c       0xc4 c:/software/altera/10.1/nios2eds/bin/gnu/h-i686-mingw32/bin/../lib/gcc/nios2-elf/4.1.2/../../../../nios2-elf/lib/mno-hw-mul\libc.a(lib_a-locale.o)
                0x01008e3c                __locale_charset
                0x01008e44                _localeconv_r
                0x01008e50                localeconv
                0x01008e60                _setlocale_r
                0x01008ee4                setlocale
 .text          0x01008f00      0x194 c:/software/altera/10.1/nios2eds/bin/gnu/h-i686-mingw32/bin/../lib/gcc/nios2-elf/4.1.2/../../../../nios2-elf/lib/mno-hw-mul\libc.a(lib_a-makebuf.o)
                0x01008f00                __smakebuf_r
 .text          0x01009094      0x740 c:/software/altera/10.1/nios2eds/bin/gnu/h-i686-mingw32/bin/../lib/gcc/nios2-elf/4.1.2/../../../../nios2-elf/lib/mno-hw-mul\libc.a(lib_a-mallocr.o)
                0x01009094                _malloc_r
 .text          0x010097d4       0xe4 c:/software/altera/10.1/nios2eds/bin/gnu/h-i686-mingw32/bin/../lib/gcc/nios2-elf/4.1.2/../../../../nios2-elf/lib/mno-hw-mul\libc.a(lib_a-memchr.o)
                0x010097d4                memchr
 .text          0x010098b8       0xa0 c:/software/altera/10.1/nios2eds/bin/gnu/h-i686-mingw32/bin/../lib/gcc/nios2-elf/4.1.2/../../../../nios2-elf/lib/mno-hw-mul\libc.a(lib_a-memcpy.o)
                0x010098b8                memcpy
 .text          0x01009958       0xe0 c:/software/altera/10.1/nios2eds/bin/gnu/h-i686-mingw32/bin/../lib/gcc/nios2-elf/4.1.2/../../../../nios2-elf/lib/mno-hw-mul\libc.a(lib_a-memmove.o)
                0x01009958                memmove
 .text          0x01009a38     0x108c c:/software/altera/10.1/nios2eds/bin/gnu/h-i686-mingw32/bin/../lib/gcc/nios2-elf/4.1.2/../../../../nios2-elf/lib/mno-hw-mul\libc.a(lib_a-mprec.o)
                0x01009a38                _Bfree
                0x01009a60                __hi0bits
                0x01009ad0                __lo0bits
                0x01009b94                __mcmp
                0x01009bf4                __ulp
                0x01009c74                __b2d
                0x01009d94                __ratio
                0x01009e44                _mprec_log10
                0x01009ed8                __copybits
                0x01009f30                __any_on
                0x01009fb8                _Balloc
                0x0100a074                __d2b
                0x0100a1f0                __mdiff
                0x0100a37c                __lshift
                0x0100a4c8                __multiply
                0x0100a71c                __i2b
                0x0100a758                __multadd
                0x0100a884                __pow5mult
                0x0100a9a4                __s2b
 .text          0x0100aac4      0x5f4 c:/software/altera/10.1/nios2eds/bin/gnu/h-i686-mingw32/bin/../lib/gcc/nios2-elf/4.1.2/../../../../nios2-elf/lib/mno-hw-mul\libc.a(lib_a-reallocr.o)
                0x0100aac4                _realloc_r
 .text          0x0100b0b8       0x40 c:/software/altera/10.1/nios2eds/bin/gnu/h-i686-mingw32/bin/../lib/gcc/nios2-elf/4.1.2/../../../../nios2-elf/lib/mno-hw-mul\libc.a(lib_a-s_isinfd.o)
                0x0100b0b8                __isinfd
 .text          0x0100b0f8       0x30 c:/software/altera/10.1/nios2eds/bin/gnu/h-i686-mingw32/bin/../lib/gcc/nios2-elf/4.1.2/../../../../nios2-elf/lib/mno-hw-mul\libc.a(lib_a-s_isnand.o)
                0x0100b0f8                __isnand
 .text          0x0100b128       0x70 c:/software/altera/10.1/nios2eds/bin/gnu/h-i686-mingw32/bin/../lib/gcc/nios2-elf/4.1.2/../../../../nios2-elf/lib/mno-hw-mul\libc.a(lib_a-sbrkr.o)
                0x0100b128                _sbrk_r
 .text          0x0100b198      0x14c c:/software/altera/10.1/nios2eds/bin/gnu/h-i686-mingw32/bin/../lib/gcc/nios2-elf/4.1.2/../../../../nios2-elf/lib/mno-hw-mul\libc.a(lib_a-stdio.o)
                0x0100b198                __sclose
                0x0100b1a0                __sseek
                0x0100b208                __swrite
                0x0100b284                __sread
 .text          0x0100b2e4       0x78 c:/software/altera/10.1/nios2eds/bin/gnu/h-i686-mingw32/bin/../lib/gcc/nios2-elf/4.1.2/../../../../nios2-elf/lib/mno-hw-mul\libc.a(lib_a-writer.o)
                0x0100b2e4                _write_r
 .text          0x0100b35c       0xc8 c:/software/altera/10.1/nios2eds/bin/gnu/h-i686-mingw32/bin/../lib/gcc/nios2-elf/4.1.2/../../../../nios2-elf/lib/mno-hw-mul\libc.a(lib_a-callocr.o)
                0x0100b35c                _calloc_r
 .text          0x0100b424       0x70 c:/software/altera/10.1/nios2eds/bin/gnu/h-i686-mingw32/bin/../lib/gcc/nios2-elf/4.1.2/../../../../nios2-elf/lib/mno-hw-mul\libc.a(lib_a-closer.o)
                0x0100b424                _close_r
 .text          0x0100b494      0x124 c:/software/altera/10.1/nios2eds/bin/gnu/h-i686-mingw32/bin/../lib/gcc/nios2-elf/4.1.2/../../../../nios2-elf/lib/mno-hw-mul\libc.a(lib_a-fclose.o)
                0x0100b494                _fclose_r
                0x0100b5a4                fclose
 .text          0x0100b5b8       0x74 c:/software/altera/10.1/nios2eds/bin/gnu/h-i686-mingw32/bin/../lib/gcc/nios2-elf/4.1.2/../../../../nios2-elf/lib/mno-hw-mul\libc.a(lib_a-fstatr.o)
                0x0100b5b8                _fstat_r
 .text          0x0100b62c        0x0 c:/software/altera/10.1/nios2eds/bin/gnu/h-i686-mingw32/bin/../lib/gcc/nios2-elf/4.1.2/../../../../nios2-elf/lib/mno-hw-mul\libc.a(lib_a-int_errno.o)
 .text          0x0100b62c       0x70 c:/software/altera/10.1/nios2eds/bin/gnu/h-i686-mingw32/bin/../lib/gcc/nios2-elf/4.1.2/../../../../nios2-elf/lib/mno-hw-mul\libc.a(lib_a-isattyr.o)
                0x0100b62c                _isatty_r
 .text          0x0100b69c       0x78 c:/software/altera/10.1/nios2eds/bin/gnu/h-i686-mingw32/bin/../lib/gcc/nios2-elf/4.1.2/../../../../nios2-elf/lib/mno-hw-mul\libc.a(lib_a-lseekr.o)
                0x0100b69c                _lseek_r
 .text          0x0100b714       0x78 c:/software/altera/10.1/nios2eds/bin/gnu/h-i686-mingw32/bin/../lib/gcc/nios2-elf/4.1.2/../../../../nios2-elf/lib/mno-hw-mul\libc.a(lib_a-readr.o)
                0x0100b714                _read_r
 .text          0x0100b78c      0x66c c:/software/altera/10.1/nios2eds/bin/gnu/h-i686-mingw32/bin/../lib/gcc/nios2-elf/4.1.2/mno-hw-mul\libgcc.a(_udivdi3.o)
                0x0100b78c                __udivdi3
 .text          0x0100bdf8      0x660 c:/software/altera/10.1/nios2eds/bin/gnu/h-i686-mingw32/bin/../lib/gcc/nios2-elf/4.1.2/mno-hw-mul\libgcc.a(_umoddi3.o)
                0x0100bdf8                __umoddi3
 .text          0x0100c458      0x3c4 c:/software/altera/10.1/nios2eds/bin/gnu/h-i686-mingw32/bin/../lib/gcc/nios2-elf/4.1.2/mno-hw-mul\libgcc.a(_mul_df.o)
                0x0100c458                __muldf3
 .text          0x0100c81c      0x258 c:/software/altera/10.1/nios2eds/bin/gnu/h-i686-mingw32/bin/../lib/gcc/nios2-elf/4.1.2/mno-hw-mul\libgcc.a(_div_df.o)
                0x0100c81c                __divdf3
 .text          0x0100ca74       0x88 c:/software/altera/10.1/nios2eds/bin/gnu/h-i686-mingw32/bin/../lib/gcc/nios2-elf/4.1.2/mno-hw-mul\libgcc.a(_eq_df.o)
                0x0100ca74                __eqdf2
 .text          0x0100cafc       0x88 c:/software/altera/10.1/nios2eds/bin/gnu/h-i686-mingw32/bin/../lib/gcc/nios2-elf/4.1.2/mno-hw-mul\libgcc.a(_ne_df.o)
                0x0100cafc                __nedf2
 .text          0x0100cb84       0x88 c:/software/altera/10.1/nios2eds/bin/gnu/h-i686-mingw32/bin/../lib/gcc/nios2-elf/4.1.2/mno-hw-mul\libgcc.a(_ge_df.o)
                0x0100cb84                __gedf2
 .text          0x0100cc0c       0x88 c:/software/altera/10.1/nios2eds/bin/gnu/h-i686-mingw32/bin/../lib/gcc/nios2-elf/4.1.2/mno-hw-mul\libgcc.a(_lt_df.o)
                0x0100cc0c                __ltdf2
 .text          0x0100cc94      0x160 ../music_lab_bsp\libhal_bsp.a(alt_close.o)
                0x0100cc94                close
 .text          0x0100cdf4       0x2c ../music_lab_bsp\libhal_bsp.a(alt_dev.o)
 .text          0x0100ce20        0x0 ../music_lab_bsp\libhal_bsp.a(alt_errno.o)
 .text          0x0100ce20      0x138 ../music_lab_bsp\libhal_bsp.a(alt_fstat.o)
                0x0100ce20                fstat
 .text          0x0100cf58      0x124 ../music_lab_bsp\libhal_bsp.a(alt_isatty.o)
                0x0100cf58                isatty
 .text          0x0100d07c       0xec ../music_lab_bsp\libhal_bsp.a(alt_load.o)
                0x0100d07c                alt_load
 .text          0x0100d168      0x154 ../music_lab_bsp\libhal_bsp.a(alt_lseek.o)
                0x0100d168                lseek
 .text          0x0100d2bc       0x6c ../music_lab_bsp\libhal_bsp.a(alt_main.o)
                0x0100d2bc                alt_main
 .text          0x0100d328       0x40 ../music_lab_bsp\libhal_bsp.a(alt_malloc_lock.o)
                0x0100d328                __malloc_lock
                0x0100d348                __malloc_unlock
 .text          0x0100d368      0x184 ../music_lab_bsp\libhal_bsp.a(alt_read.o)
                0x0100d368                read
 .text          0x0100d4ec       0x78 ../music_lab_bsp\libhal_bsp.a(alt_release_fd.o)
                0x0100d4ec                alt_release_fd
 .text          0x0100d564       0xbc ../music_lab_bsp\libhal_bsp.a(alt_sbrk.o)
                0x0100d564                sbrk
 .text          0x0100d620       0x30 ../music_lab_bsp\libhal_bsp.a(alt_usleep.o)
                0x0100d620                usleep
 .text          0x0100d650      0x184 ../music_lab_bsp\libhal_bsp.a(alt_write.o)
                0x0100d650                write
 .text          0x0100d7d4       0xdc ../music_lab_bsp\libhal_bsp.a(alt_sys_init.o)
                0x0100d7d4                alt_irq_init
                0x0100d808                alt_sys_init
 .text          0x0100d8b0      0x148 ../music_lab_bsp\libhal_bsp.a(altera_avalon_jtag_uart_fd.o)
                0x0100d8b0                altera_avalon_jtag_uart_read_fd
                0x0100d908                altera_avalon_jtag_uart_write_fd
                0x0100d960                altera_avalon_jtag_uart_close_fd
                0x0100d9a8                altera_avalon_jtag_uart_ioctl_fd
 .text          0x0100d9f8      0x40c ../music_lab_bsp\libhal_bsp.a(altera_avalon_jtag_uart_init.o)
                0x0100d9f8                altera_avalon_jtag_uart_init
                0x0100dd90                altera_avalon_jtag_uart_close
 .text          0x0100de04       0xf4 ../music_lab_bsp\libhal_bsp.a(altera_avalon_jtag_uart_ioctl.o)
                0x0100de04                altera_avalon_jtag_uart_ioctl
 .text          0x0100def8      0x224 ../music_lab_bsp\libhal_bsp.a(altera_avalon_jtag_uart_read.o)
                0x0100def8                altera_avalon_jtag_uart_read
 .text          0x0100e11c      0x240 ../music_lab_bsp\libhal_bsp.a(altera_avalon_jtag_uart_write.o)
                0x0100e11c                altera_avalon_jtag_uart_write
 .text          0x0100e35c      0xf80 ../music_lab_bsp\libhal_bsp.a(altera_avalon_lcd_16207.o)
                0x0100eb98                altera_avalon_lcd_16207_write
                0x0100f1a0                altera_avalon_lcd_16207_init
 .text          0x0100f2dc       0x58 ../music_lab_bsp\libhal_bsp.a(altera_avalon_lcd_16207_fd.o)
                0x0100f2dc                altera_avalon_lcd_16207_write_fd
 .text          0x0100f334      0x100 ../music_lab_bsp\libhal_bsp.a(altera_avalon_timer_sc.o)
                0x0100f3a4                alt_avalon_timer_sc_init
 .text          0x0100f434      0x154 ../music_lab_bsp\libhal_bsp.a(alt_alarm_start.o)
                0x0100f434                alt_alarm_start
 .text          0x0100f588      0x15c ../music_lab_bsp\libhal_bsp.a(alt_busy_sleep.o)
                0x0100f588                alt_busy_sleep
 .text          0x0100f6e4       0x1c ../music_lab_bsp\libhal_bsp.a(alt_dcache_flush_all.o)
                0x0100f6e4                alt_dcache_flush_all
 .text          0x0100f700      0x114 ../music_lab_bsp\libhal_bsp.a(alt_dev_llist_insert.o)
                0x0100f700                alt_dev_llist_insert
 .text          0x0100f814       0x64 ../music_lab_bsp\libhal_bsp.a(alt_do_ctors.o)
                0x0100f814                _do_ctors
 .text          0x0100f878       0x64 ../music_lab_bsp\libhal_bsp.a(alt_do_dtors.o)
                0x0100f878                _do_dtors
 .text          0x0100f8dc       0x30 ../music_lab_bsp\libhal_bsp.a(alt_icache_flush_all.o)
                0x0100f8dc                alt_icache_flush_all
 .text          0x0100f90c      0x1d4 ../music_lab_bsp\libhal_bsp.a(alt_iic.o)
                0x0100f90c                alt_ic_isr_register
                0x0100f95c                alt_ic_irq_enable
                0x0100f9f8                alt_ic_irq_disable
                0x0100fa98                alt_ic_irq_enabled
 .text          0x0100fae0       0xf8 ../music_lab_bsp\libhal_bsp.a(alt_iic_isr_register.o)
                0x0100fae0                alt_iic_isr_register
 .text          0x0100fbd8      0x150 ../music_lab_bsp\libhal_bsp.a(alt_io_redirect.o)
                0x0100fcb0                alt_io_redirect
 .text          0x0100fd28        0x0 ../music_lab_bsp\libhal_bsp.a(alt_irq_entry.o)
 .text          0x0100fd28        0x0 ../music_lab_bsp\libhal_bsp.a(alt_irq_handler.o)
 .text          0x0100fd28        0x0 ../music_lab_bsp\libhal_bsp.a(alt_irq_vars.o)
 .text          0x0100fd28      0x2e4 ../music_lab_bsp\libhal_bsp.a(alt_open.o)
                0x0100fe20                open
 .text          0x0101000c      0x1a4 ../music_lab_bsp\libhal_bsp.a(alt_tick.o)
                0x0101000c                alt_alarm_stop
                0x010100a4                alt_tick
 .text          0x010101b0       0x20 ../music_lab_bsp\libhal_bsp.a(altera_nios2_irq.o)
                0x010101b0                altera_nios2_irq_init
 .text          0x010101d0        0x0 ../music_lab_bsp\libhal_bsp.a(alt_exception_entry.o)
 .text          0x010101d0       0x94 ../music_lab_bsp\libhal_bsp.a(alt_find_dev.o)
                0x010101d0                alt_find_dev
 .text          0x01010264      0x120 ../music_lab_bsp\libhal_bsp.a(alt_find_file.o)
                0x01010264                alt_find_file
 .text          0x01010384       0xd0 ../music_lab_bsp\libhal_bsp.a(alt_get_fd.o)
                0x01010384                alt_get_fd
 .text          0x01010454       0x90 ../music_lab_bsp\libhal_bsp.a(alt_icache_flush.o)
                0x01010454                alt_icache_flush
 .text          0x010104e4       0x14 c:/software/altera/10.1/nios2eds/bin/gnu/h-i686-mingw32/bin/../lib/gcc/nios2-elf/4.1.2/../../../../nios2-elf/lib/mno-hw-mul\libc.a(lib_a-atexit.o)
                0x010104e4                atexit
 .text          0x010104f8        0x0 c:/software/altera/10.1/nios2eds/bin/gnu/h-i686-mingw32/bin/../lib/gcc/nios2-elf/4.1.2/../../../../nios2-elf/lib/mno-hw-mul\libc.a(lib_a-ctype_.o)
 .text          0x010104f8       0x38 c:/software/altera/10.1/nios2eds/bin/gnu/h-i686-mingw32/bin/../lib/gcc/nios2-elf/4.1.2/../../../../nios2-elf/lib/mno-hw-mul\libc.a(lib_a-exit.o)
                0x010104f8                exit
 .text          0x01010530       0x74 c:/software/altera/10.1/nios2eds/bin/gnu/h-i686-mingw32/bin/../lib/gcc/nios2-elf/4.1.2/../../../../nios2-elf/lib/mno-hw-mul\libc.a(lib_a-memcmp.o)
                0x01010530                memcmp
 .text          0x010105a4      0x134 c:/software/altera/10.1/nios2eds/bin/gnu/h-i686-mingw32/bin/../lib/gcc/nios2-elf/4.1.2/../../../../nios2-elf/lib/mno-hw-mul\libc.a(lib_a-__atexit.o)
                0x010105a4                __register_exitproc
 .text          0x010106d8      0x1b4 c:/software/altera/10.1/nios2eds/bin/gnu/h-i686-mingw32/bin/../lib/gcc/nios2-elf/4.1.2/../../../../nios2-elf/lib/mno-hw-mul\libc.a(lib_a-__call_atexit.o)
                0x010106dc                __call_exitprocs
 .text          0x0101088c       0x60 ../music_lab_bsp\libhal_bsp.a(alt_exit.o)
                0x010108cc                _exit
 *(.gnu.warning.*)
 *(.fini)
                0x010108ec                PROVIDE (__etext, ABSOLUTE (.))
                0x010108ec                PROVIDE (_etext, ABSOLUTE (.))
                0x010108ec                PROVIDE (etext, ABSOLUTE (.))
 *(.eh_frame_hdr)
                0x010108ec                . = ALIGN (0x4)
                0x010108ec                PROVIDE (__preinit_array_start, ABSOLUTE (.))
 *(.preinit_array)
                0x010108ec                PROVIDE (__preinit_array_end, ABSOLUTE (.))
                0x010108ec                PROVIDE (__init_array_start, ABSOLUTE (.))
 *(.init_array)
                0x010108ec                PROVIDE (__init_array_end, ABSOLUTE (.))
                0x010108ec                PROVIDE (__fini_array_start, ABSOLUTE (.))
 *(.fini_array)
                0x010108ec                PROVIDE (__fini_array_end, ABSOLUTE (.))
 *(.eh_frame)
 .eh_frame      0x010108ec       0x40 c:/software/altera/10.1/nios2eds/bin/gnu/h-i686-mingw32/bin/../lib/gcc/nios2-elf/4.1.2/mno-hw-mul\libgcc.a(_udivdi3.o)
 .eh_frame      0x0101092c       0x2c c:/software/altera/10.1/nios2eds/bin/gnu/h-i686-mingw32/bin/../lib/gcc/nios2-elf/4.1.2/mno-hw-mul\libgcc.a(_umoddi3.o)
                                 0x40 (size before relaxing)
 *(.gcc_except_table)
 *(.dynamic)
                0x01010958                PROVIDE (__CTOR_LIST__, ABSOLUTE (.))
 *(.ctors)
 *(SORT(.ctors.*))
 .ctors.65535   0x01010958        0x4 c:/software/altera/10.1/nios2eds/bin/gnu/h-i686-mingw32/bin/../lib/gcc/nios2-elf/4.1.2/../../../../nios2-elf/lib/mno-hw-mul\libc.a(lib_a-__call_atexit.o)
                0x0101095c                PROVIDE (__CTOR_END__, ABSOLUTE (.))
                0x0101095c                PROVIDE (__DTOR_LIST__, ABSOLUTE (.))
 *(.dtors)
 *(SORT(.dtors.*))
                0x0101095c                PROVIDE (__DTOR_END__, ABSOLUTE (.))
 *(.jcr)
                0x0101095c                . = ALIGN (0x4)

.rodata         0x0101095c      0x8a8
                0x0101095c                PROVIDE (__ram_rodata_start, ABSOLUTE (.))
                0x0101095c                . = ALIGN (0x4)
 *(.rodata .rodata.* .gnu.linkonce.r.*)
 .rodata        0x0101095c       0x38 obj/LCD.o
 .rodata.str1.4
                0x01010994      0x238 obj/music_lab.o
 .rodata.str1.4
                0x01010bcc       0x54 obj/wm8731.o
 .rodata        0x01010c20       0x10 c:/software/altera/10.1/nios2eds/bin/gnu/h-i686-mingw32/bin/../lib/gcc/nios2-elf/4.1.2/mno-hw-mul\libgcc.a(_thenan_sf.o)
                0x01010c20                __thenan_sf
 .rodata        0x01010c30       0x14 c:/software/altera/10.1/nios2eds/bin/gnu/h-i686-mingw32/bin/../lib/gcc/nios2-elf/4.1.2/mno-hw-mul\libgcc.a(_thenan_df.o)
                0x01010c30                __thenan_df
 .rodata        0x01010c44      0x100 c:/software/altera/10.1/nios2eds/bin/gnu/h-i686-mingw32/bin/../lib/gcc/nios2-elf/4.1.2/mno-hw-mul\libgcc.a(_clz.o)
                0x01010c44                __clz_tab
 .rodata.str1.4
                0x01010d44        0x2 c:/software/altera/10.1/nios2eds/bin/gnu/h-i686-mingw32/bin/../lib/gcc/nios2-elf/4.1.2/../../../../nios2-elf/lib/mno-hw-mul\libc.a(lib_a-puts.o)
                                  0x4 (size before relaxing)
 *fill*         0x01010d46        0x2 00
 .rodata.str1.4
                0x01010d48       0x5a c:/software/altera/10.1/nios2eds/bin/gnu/h-i686-mingw32/bin/../lib/gcc/nios2-elf/4.1.2/../../../../nios2-elf/lib/mno-hw-mul\libc.a(lib_a-vfprintf.o)
                                 0x60 (size before relaxing)
 .rodata        0x01010da2       0x20 c:/software/altera/10.1/nios2eds/bin/gnu/h-i686-mingw32/bin/../lib/gcc/nios2-elf/4.1.2/../../../../nios2-elf/lib/mno-hw-mul\libc.a(lib_a-vfprintf.o)
 *fill*         0x01010dc2        0x2 00
 .rodata.str1.4
                0x01010dc4       0x10 c:/software/altera/10.1/nios2eds/bin/gnu/h-i686-mingw32/bin/../lib/gcc/nios2-elf/4.1.2/../../../../nios2-elf/lib/mno-hw-mul\libc.a(lib_a-dtoa.o)
                                 0x14 (size before relaxing)
 .rodata.str1.4
                0x01010dd4        0x2 c:/software/altera/10.1/nios2eds/bin/gnu/h-i686-mingw32/bin/../lib/gcc/nios2-elf/4.1.2/../../../../nios2-elf/lib/mno-hw-mul\libc.a(lib_a-impure.o)
                                  0x4 (size before relaxing)
 *fill*         0x01010dd6        0x2 00
 .rodata.str1.4
                0x01010dd8        0xc c:/software/altera/10.1/nios2eds/bin/gnu/h-i686-mingw32/bin/../lib/gcc/nios2-elf/4.1.2/../../../../nios2-elf/lib/mno-hw-mul\libc.a(lib_a-locale.o)
                                 0x18 (size before relaxing)
 .rodata        0x01010de4       0x30 c:/software/altera/10.1/nios2eds/bin/gnu/h-i686-mingw32/bin/../lib/gcc/nios2-elf/4.1.2/../../../../nios2-elf/lib/mno-hw-mul\libc.a(lib_a-locale.o)
 .rodata        0x01010e14      0x124 c:/software/altera/10.1/nios2eds/bin/gnu/h-i686-mingw32/bin/../lib/gcc/nios2-elf/4.1.2/../../../../nios2-elf/lib/mno-hw-mul\libc.a(lib_a-mprec.o)
                0x01010e14                __mprec_tens
                0x01010edc                __mprec_bigtens
                0x01010f04                __mprec_tinytens
 .rodata        0x01010f38        0xc ../music_lab_bsp\libhal_bsp.a(alt_dev.o)
 .rodata        0x01010f44       0x14 ../music_lab_bsp\libhal_bsp.a(alt_main.o)
 .rodata        0x01010f58       0x28 ../music_lab_bsp\libhal_bsp.a(alt_sys_init.o)
 .rodata        0x01010f80      0x281 c:/software/altera/10.1/nios2eds/bin/gnu/h-i686-mingw32/bin/../lib/gcc/nios2-elf/4.1.2/../../../../nios2-elf/lib/mno-hw-mul\libc.a(lib_a-ctype_.o)
                0x01010f80                _ctype_
 *(.rodata1)
                0x01011204                . = ALIGN (0x4)
 *fill*         0x01011201        0x3 00
                0x01011204                PROVIDE (__ram_rodata_end, ABSOLUTE (.))
                0x0101095c                PROVIDE (__flash_rodata_start, LOADADDR (.rodata))

.rwdata         0x01011204     0x1cbc load address 0x01012ec0
                0x01011204                PROVIDE (__ram_rwdata_start, ABSOLUTE (.))
                0x01011204                . = ALIGN (0x4)
 *(.got.plt)
 *(.got)
 *(.data1)
 *(.data .data.* .gnu.linkonce.d.*)
 .data          0x01011204        0x0 ../music_lab_bsp/obj/HAL/src/crt0.o
 .data          0x01011204        0x0 obj/LCD.o
 .data          0x01011204        0x0 obj/Open_I2C.o
 .data          0x01011204        0x0 obj/music_lab.o
 .data          0x01011204        0x0 obj/wm8731.o
 .data          0x01011204        0x0 c:/software/altera/10.1/nios2eds/bin/gnu/h-i686-mingw32/bin/../lib/gcc/nios2-elf/4.1.2/../../../../nios2-elf/lib/mno-hw-mul\libm.a(lib_a-s_ceil.o)
 .data          0x01011204        0x0 c:/software/altera/10.1/nios2eds/bin/gnu/h-i686-mingw32/bin/../lib/gcc/nios2-elf/4.1.2/../../../../nios2-elf/lib/mno-hw-mul\libm.a(lib_a-s_floor.o)
 .data          0x01011204        0x0 c:/software/altera/10.1/nios2eds/bin/gnu/h-i686-mingw32/bin/../lib/gcc/nios2-elf/4.1.2/mno-hw-mul\libgcc.a(_mul_sf.o)
 .data          0x01011204        0x0 c:/software/altera/10.1/nios2eds/bin/gnu/h-i686-mingw32/bin/../lib/gcc/nios2-elf/4.1.2/mno-hw-mul\libgcc.a(_sf_to_df.o)
 .data          0x01011204        0x0 c:/software/altera/10.1/nios2eds/bin/gnu/h-i686-mingw32/bin/../lib/gcc/nios2-elf/4.1.2/mno-hw-mul\libgcc.a(_thenan_sf.o)
 .data          0x01011204        0x0 c:/software/altera/10.1/nios2eds/bin/gnu/h-i686-mingw32/bin/../lib/gcc/nios2-elf/4.1.2/mno-hw-mul\libgcc.a(_usi_to_sf.o)
 .data          0x01011204        0x0 c:/software/altera/10.1/nios2eds/bin/gnu/h-i686-mingw32/bin/../lib/gcc/nios2-elf/4.1.2/mno-hw-mul\libgcc.a(_addsub_df.o)
 .data          0x01011204        0x0 c:/software/altera/10.1/nios2eds/bin/gnu/h-i686-mingw32/bin/../lib/gcc/nios2-elf/4.1.2/mno-hw-mul\libgcc.a(_gt_df.o)
 .data          0x01011204        0x0 c:/software/altera/10.1/nios2eds/bin/gnu/h-i686-mingw32/bin/../lib/gcc/nios2-elf/4.1.2/mno-hw-mul\libgcc.a(_si_to_df.o)
 .data          0x01011204        0x0 c:/software/altera/10.1/nios2eds/bin/gnu/h-i686-mingw32/bin/../lib/gcc/nios2-elf/4.1.2/mno-hw-mul\libgcc.a(_df_to_si.o)
 .data          0x01011204        0x0 c:/software/altera/10.1/nios2eds/bin/gnu/h-i686-mingw32/bin/../lib/gcc/nios2-elf/4.1.2/mno-hw-mul\libgcc.a(_make_df.o)
 .data          0x01011204        0x0 c:/software/altera/10.1/nios2eds/bin/gnu/h-i686-mingw32/bin/../lib/gcc/nios2-elf/4.1.2/mno-hw-mul\libgcc.a(_thenan_df.o)
 .data          0x01011204        0x0 c:/software/altera/10.1/nios2eds/bin/gnu/h-i686-mingw32/bin/../lib/gcc/nios2-elf/4.1.2/mno-hw-mul\libgcc.a(_usi_to_df.o)
 .data          0x01011204        0x0 c:/software/altera/10.1/nios2eds/bin/gnu/h-i686-mingw32/bin/../lib/gcc/nios2-elf/4.1.2/mno-hw-mul\libgcc.a(lib2-divmod.o)
 .data          0x01011204      0x100 c:/software/altera/10.1/nios2eds/bin/gnu/h-i686-mingw32/bin/../lib/gcc/nios2-elf/4.1.2/mno-hw-mul\libgcc.a(lib2-divtable.o)
                0x01011204                __divsi3_table
 .data          0x01011304        0x0 c:/software/altera/10.1/nios2eds/bin/gnu/h-i686-mingw32/bin/../lib/gcc/nios2-elf/4.1.2/mno-hw-mul\libgcc.a(lib2-mul.o)
 .data          0x01011304        0x0 c:/software/altera/10.1/nios2eds/bin/gnu/h-i686-mingw32/bin/../lib/gcc/nios2-elf/4.1.2/mno-hw-mul\libgcc.a(_muldi3.o)
 .data          0x01011304        0x0 c:/software/altera/10.1/nios2eds/bin/gnu/h-i686-mingw32/bin/../lib/gcc/nios2-elf/4.1.2/mno-hw-mul\libgcc.a(_clzsi2.o)
 .data          0x01011304        0x0 c:/software/altera/10.1/nios2eds/bin/gnu/h-i686-mingw32/bin/../lib/gcc/nios2-elf/4.1.2/mno-hw-mul\libgcc.a(_pack_sf.o)
 .data          0x01011304        0x0 c:/software/altera/10.1/nios2eds/bin/gnu/h-i686-mingw32/bin/../lib/gcc/nios2-elf/4.1.2/mno-hw-mul\libgcc.a(_unpack_sf.o)
 .data          0x01011304        0x0 c:/software/altera/10.1/nios2eds/bin/gnu/h-i686-mingw32/bin/../lib/gcc/nios2-elf/4.1.2/mno-hw-mul\libgcc.a(_pack_df.o)
 .data          0x01011304        0x0 c:/software/altera/10.1/nios2eds/bin/gnu/h-i686-mingw32/bin/../lib/gcc/nios2-elf/4.1.2/mno-hw-mul\libgcc.a(_unpack_df.o)
 .data          0x01011304        0x0 c:/software/altera/10.1/nios2eds/bin/gnu/h-i686-mingw32/bin/../lib/gcc/nios2-elf/4.1.2/mno-hw-mul\libgcc.a(_fpcmp_parts_df.o)
 .data          0x01011304        0x0 c:/software/altera/10.1/nios2eds/bin/gnu/h-i686-mingw32/bin/../lib/gcc/nios2-elf/4.1.2/mno-hw-mul\libgcc.a(_clz.o)
 .data          0x01011304        0x0 c:/software/altera/10.1/nios2eds/bin/gnu/h-i686-mingw32/bin/../lib/gcc/nios2-elf/4.1.2/../../../../nios2-elf/lib/mno-hw-mul\libc.a(lib_a-memset.o)
 .data          0x01011304        0x0 c:/software/altera/10.1/nios2eds/bin/gnu/h-i686-mingw32/bin/../lib/gcc/nios2-elf/4.1.2/../../../../nios2-elf/lib/mno-hw-mul\libc.a(lib_a-printf.o)
 .data          0x01011304        0x0 c:/software/altera/10.1/nios2eds/bin/gnu/h-i686-mingw32/bin/../lib/gcc/nios2-elf/4.1.2/../../../../nios2-elf/lib/mno-hw-mul\libc.a(lib_a-puts.o)
 .data          0x01011304        0x0 c:/software/altera/10.1/nios2eds/bin/gnu/h-i686-mingw32/bin/../lib/gcc/nios2-elf/4.1.2/../../../../nios2-elf/lib/mno-hw-mul\libc.a(lib_a-strcmp.o)
 .data          0x01011304        0x0 c:/software/altera/10.1/nios2eds/bin/gnu/h-i686-mingw32/bin/../lib/gcc/nios2-elf/4.1.2/../../../../nios2-elf/lib/mno-hw-mul\libc.a(lib_a-strcpy.o)
 .data          0x01011304        0x0 c:/software/altera/10.1/nios2eds/bin/gnu/h-i686-mingw32/bin/../lib/gcc/nios2-elf/4.1.2/../../../../nios2-elf/lib/mno-hw-mul\libc.a(lib_a-strlen.o)
 .data          0x01011304        0x0 c:/software/altera/10.1/nios2eds/bin/gnu/h-i686-mingw32/bin/../lib/gcc/nios2-elf/4.1.2/../../../../nios2-elf/lib/mno-hw-mul\libc.a(lib_a-vfprintf.o)
 .data          0x01011304        0x0 c:/software/altera/10.1/nios2eds/bin/gnu/h-i686-mingw32/bin/../lib/gcc/nios2-elf/4.1.2/../../../../nios2-elf/lib/mno-hw-mul\libc.a(lib_a-wsetup.o)
 .data          0x01011304        0x0 c:/software/altera/10.1/nios2eds/bin/gnu/h-i686-mingw32/bin/../lib/gcc/nios2-elf/4.1.2/../../../../nios2-elf/lib/mno-hw-mul\libc.a(lib_a-dtoa.o)
 .data          0x01011304        0x0 c:/software/altera/10.1/nios2eds/bin/gnu/h-i686-mingw32/bin/../lib/gcc/nios2-elf/4.1.2/../../../../nios2-elf/lib/mno-hw-mul\libc.a(lib_a-fflush.o)
 .data          0x01011304        0x0 c:/software/altera/10.1/nios2eds/bin/gnu/h-i686-mingw32/bin/../lib/gcc/nios2-elf/4.1.2/../../../../nios2-elf/lib/mno-hw-mul\libc.a(lib_a-findfp.o)
 .data          0x01011304        0x0 c:/software/altera/10.1/nios2eds/bin/gnu/h-i686-mingw32/bin/../lib/gcc/nios2-elf/4.1.2/../../../../nios2-elf/lib/mno-hw-mul\libc.a(lib_a-freer.o)
 .data          0x01011304        0x0 c:/software/altera/10.1/nios2eds/bin/gnu/h-i686-mingw32/bin/../lib/gcc/nios2-elf/4.1.2/../../../../nios2-elf/lib/mno-hw-mul\libc.a(lib_a-fvwrite.o)
 .data          0x01011304        0x0 c:/software/altera/10.1/nios2eds/bin/gnu/h-i686-mingw32/bin/../lib/gcc/nios2-elf/4.1.2/../../../../nios2-elf/lib/mno-hw-mul\libc.a(lib_a-fwalk.o)
 .data          0x01011304      0x400 c:/software/altera/10.1/nios2eds/bin/gnu/h-i686-mingw32/bin/../lib/gcc/nios2-elf/4.1.2/../../../../nios2-elf/lib/mno-hw-mul\libc.a(lib_a-impure.o)
 .data          0x01011704        0xc c:/software/altera/10.1/nios2eds/bin/gnu/h-i686-mingw32/bin/../lib/gcc/nios2-elf/4.1.2/../../../../nios2-elf/lib/mno-hw-mul\libc.a(lib_a-locale.o)
                0x01011704                __lc_ctype
 .data          0x01011710        0x0 c:/software/altera/10.1/nios2eds/bin/gnu/h-i686-mingw32/bin/../lib/gcc/nios2-elf/4.1.2/../../../../nios2-elf/lib/mno-hw-mul\libc.a(lib_a-makebuf.o)
 .data          0x01011710      0x408 c:/software/altera/10.1/nios2eds/bin/gnu/h-i686-mingw32/bin/../lib/gcc/nios2-elf/4.1.2/../../../../nios2-elf/lib/mno-hw-mul\libc.a(lib_a-mallocr.o)
                0x01011710                __malloc_av_
 .data          0x01011b18        0x0 c:/software/altera/10.1/nios2eds/bin/gnu/h-i686-mingw32/bin/../lib/gcc/nios2-elf/4.1.2/../../../../nios2-elf/lib/mno-hw-mul\libc.a(lib_a-memchr.o)
 .data          0x01011b18        0x0 c:/software/altera/10.1/nios2eds/bin/gnu/h-i686-mingw32/bin/../lib/gcc/nios2-elf/4.1.2/../../../../nios2-elf/lib/mno-hw-mul\libc.a(lib_a-memcpy.o)
 .data          0x01011b18        0x0 c:/software/altera/10.1/nios2eds/bin/gnu/h-i686-mingw32/bin/../lib/gcc/nios2-elf/4.1.2/../../../../nios2-elf/lib/mno-hw-mul\libc.a(lib_a-memmove.o)
 .data          0x01011b18        0x0 c:/software/altera/10.1/nios2eds/bin/gnu/h-i686-mingw32/bin/../lib/gcc/nios2-elf/4.1.2/../../../../nios2-elf/lib/mno-hw-mul\libc.a(lib_a-mprec.o)
 .data          0x01011b18        0x0 c:/software/altera/10.1/nios2eds/bin/gnu/h-i686-mingw32/bin/../lib/gcc/nios2-elf/4.1.2/../../../../nios2-elf/lib/mno-hw-mul\libc.a(lib_a-reallocr.o)
 .data          0x01011b18        0x0 c:/software/altera/10.1/nios2eds/bin/gnu/h-i686-mingw32/bin/../lib/gcc/nios2-elf/4.1.2/../../../../nios2-elf/lib/mno-hw-mul\libc.a(lib_a-s_isinfd.o)
 .data          0x01011b18        0x0 c:/software/altera/10.1/nios2eds/bin/gnu/h-i686-mingw32/bin/../lib/gcc/nios2-elf/4.1.2/../../../../nios2-elf/lib/mno-hw-mul\libc.a(lib_a-s_isnand.o)
 .data          0x01011b18        0x0 c:/software/altera/10.1/nios2eds/bin/gnu/h-i686-mingw32/bin/../lib/gcc/nios2-elf/4.1.2/../../../../nios2-elf/lib/mno-hw-mul\libc.a(lib_a-sbrkr.o)
 .data          0x01011b18        0x0 c:/software/altera/10.1/nios2eds/bin/gnu/h-i686-mingw32/bin/../lib/gcc/nios2-elf/4.1.2/../../../../nios2-elf/lib/mno-hw-mul\libc.a(lib_a-stdio.o)
 .data          0x01011b18        0x0 c:/software/altera/10.1/nios2eds/bin/gnu/h-i686-mingw32/bin/../lib/gcc/nios2-elf/4.1.2/../../../../nios2-elf/lib/mno-hw-mul\libc.a(lib_a-writer.o)
 .data          0x01011b18        0x0 c:/software/altera/10.1/nios2eds/bin/gnu/h-i686-mingw32/bin/../lib/gcc/nios2-elf/4.1.2/../../../../nios2-elf/lib/mno-hw-mul\libc.a(lib_a-callocr.o)
 .data          0x01011b18        0x0 c:/software/altera/10.1/nios2eds/bin/gnu/h-i686-mingw32/bin/../lib/gcc/nios2-elf/4.1.2/../../../../nios2-elf/lib/mno-hw-mul\libc.a(lib_a-closer.o)
 .data          0x01011b18        0x0 c:/software/altera/10.1/nios2eds/bin/gnu/h-i686-mingw32/bin/../lib/gcc/nios2-elf/4.1.2/../../../../nios2-elf/lib/mno-hw-mul\libc.a(lib_a-fclose.o)
 .data          0x01011b18        0x0 c:/software/altera/10.1/nios2eds/bin/gnu/h-i686-mingw32/bin/../lib/gcc/nios2-elf/4.1.2/../../../../nios2-elf/lib/mno-hw-mul\libc.a(lib_a-fstatr.o)
 .data          0x01011b18        0x0 c:/software/altera/10.1/nios2eds/bin/gnu/h-i686-mingw32/bin/../lib/gcc/nios2-elf/4.1.2/../../../../nios2-elf/lib/mno-hw-mul\libc.a(lib_a-int_errno.o)
 .data          0x01011b18        0x0 c:/software/altera/10.1/nios2eds/bin/gnu/h-i686-mingw32/bin/../lib/gcc/nios2-elf/4.1.2/../../../../nios2-elf/lib/mno-hw-mul\libc.a(lib_a-isattyr.o)
 .data          0x01011b18        0x0 c:/software/altera/10.1/nios2eds/bin/gnu/h-i686-mingw32/bin/../lib/gcc/nios2-elf/4.1.2/../../../../nios2-elf/lib/mno-hw-mul\libc.a(lib_a-lseekr.o)
 .data          0x01011b18        0x0 c:/software/altera/10.1/nios2eds/bin/gnu/h-i686-mingw32/bin/../lib/gcc/nios2-elf/4.1.2/../../../../nios2-elf/lib/mno-hw-mul\libc.a(lib_a-readr.o)
 .data          0x01011b18        0x0 c:/software/altera/10.1/nios2eds/bin/gnu/h-i686-mingw32/bin/../lib/gcc/nios2-elf/4.1.2/mno-hw-mul\libgcc.a(_udivdi3.o)
 .data          0x01011b18        0x0 c:/software/altera/10.1/nios2eds/bin/gnu/h-i686-mingw32/bin/../lib/gcc/nios2-elf/4.1.2/mno-hw-mul\libgcc.a(_umoddi3.o)
 .data          0x01011b18        0x0 c:/software/altera/10.1/nios2eds/bin/gnu/h-i686-mingw32/bin/../lib/gcc/nios2-elf/4.1.2/mno-hw-mul\libgcc.a(_mul_df.o)
 .data          0x01011b18        0x0 c:/software/altera/10.1/nios2eds/bin/gnu/h-i686-mingw32/bin/../lib/gcc/nios2-elf/4.1.2/mno-hw-mul\libgcc.a(_div_df.o)
 .data          0x01011b18        0x0 c:/software/altera/10.1/nios2eds/bin/gnu/h-i686-mingw32/bin/../lib/gcc/nios2-elf/4.1.2/mno-hw-mul\libgcc.a(_eq_df.o)
 .data          0x01011b18        0x0 c:/software/altera/10.1/nios2eds/bin/gnu/h-i686-mingw32/bin/../lib/gcc/nios2-elf/4.1.2/mno-hw-mul\libgcc.a(_ne_df.o)
 .data          0x01011b18        0x0 c:/software/altera/10.1/nios2eds/bin/gnu/h-i686-mingw32/bin/../lib/gcc/nios2-elf/4.1.2/mno-hw-mul\libgcc.a(_ge_df.o)
 .data          0x01011b18        0x0 c:/software/altera/10.1/nios2eds/bin/gnu/h-i686-mingw32/bin/../lib/gcc/nios2-elf/4.1.2/mno-hw-mul\libgcc.a(_lt_df.o)
 .data          0x01011b18        0x0 ../music_lab_bsp\libhal_bsp.a(alt_close.o)
 .data          0x01011b18      0x1a8 ../music_lab_bsp\libhal_bsp.a(alt_dev.o)
                0x01011b18                alt_dev_null
                0x01011b40                alt_fd_list
 .data          0x01011cc0        0x0 ../music_lab_bsp\libhal_bsp.a(alt_errno.o)
 .data          0x01011cc0        0x0 ../music_lab_bsp\libhal_bsp.a(alt_fstat.o)
 .data          0x01011cc0        0x0 ../music_lab_bsp\libhal_bsp.a(alt_isatty.o)
 .data          0x01011cc0        0x0 ../music_lab_bsp\libhal_bsp.a(alt_load.o)
 .data          0x01011cc0        0x0 ../music_lab_bsp\libhal_bsp.a(alt_lseek.o)
 .data          0x01011cc0        0x0 ../music_lab_bsp\libhal_bsp.a(alt_main.o)
 .data          0x01011cc0        0x0 ../music_lab_bsp\libhal_bsp.a(alt_malloc_lock.o)
 .data          0x01011cc0        0x0 ../music_lab_bsp\libhal_bsp.a(alt_read.o)
 .data          0x01011cc0        0x0 ../music_lab_bsp\libhal_bsp.a(alt_release_fd.o)
 .data          0x01011cc0        0x0 ../music_lab_bsp\libhal_bsp.a(alt_sbrk.o)
 .data          0x01011cc0        0x0 ../music_lab_bsp\libhal_bsp.a(alt_usleep.o)
 .data          0x01011cc0        0x0 ../music_lab_bsp\libhal_bsp.a(alt_write.o)
 .data          0x01011cc0     0x1180 ../music_lab_bsp\libhal_bsp.a(alt_sys_init.o)
 .data          0x01012e40        0x0 ../music_lab_bsp\libhal_bsp.a(altera_avalon_jtag_uart_fd.o)
 .data          0x01012e40        0x0 ../music_lab_bsp\libhal_bsp.a(altera_avalon_jtag_uart_init.o)
 .data          0x01012e40        0x0 ../music_lab_bsp\libhal_bsp.a(altera_avalon_jtag_uart_ioctl.o)
 .data          0x01012e40        0x0 ../music_lab_bsp\libhal_bsp.a(altera_avalon_jtag_uart_read.o)
 .data          0x01012e40        0x0 ../music_lab_bsp\libhal_bsp.a(altera_avalon_jtag_uart_write.o)
 .data          0x01012e40        0x0 ../music_lab_bsp\libhal_bsp.a(altera_avalon_lcd_16207.o)
 .data          0x01012e40        0x0 ../music_lab_bsp\libhal_bsp.a(altera_avalon_lcd_16207_fd.o)
 .data          0x01012e40        0x0 ../music_lab_bsp\libhal_bsp.a(altera_avalon_timer_sc.o)
 .data          0x01012e40        0x0 ../music_lab_bsp\libhal_bsp.a(alt_alarm_start.o)
 .data          0x01012e40        0x0 ../music_lab_bsp\libhal_bsp.a(alt_busy_sleep.o)
 .data          0x01012e40        0x0 ../music_lab_bsp\libhal_bsp.a(alt_dcache_flush_all.o)
 .data          0x01012e40        0x0 ../music_lab_bsp\libhal_bsp.a(alt_dev_llist_insert.o)
 .data          0x01012e40        0x0 ../music_lab_bsp\libhal_bsp.a(alt_do_ctors.o)
 .data          0x01012e40        0x0 ../music_lab_bsp\libhal_bsp.a(alt_do_dtors.o)
 .data          0x01012e40        0x0 ../music_lab_bsp\libhal_bsp.a(alt_icache_flush_all.o)
 .data          0x01012e40        0x0 ../music_lab_bsp\libhal_bsp.a(alt_iic.o)
 .data          0x01012e40        0x0 ../music_lab_bsp\libhal_bsp.a(alt_iic_isr_register.o)
 .data          0x01012e40        0x0 ../music_lab_bsp\libhal_bsp.a(alt_io_redirect.o)
 .data          0x01012e40        0x0 ../music_lab_bsp\libhal_bsp.a(alt_irq_entry.o)
 .data          0x01012e40        0x0 ../music_lab_bsp\libhal_bsp.a(alt_irq_handler.o)
 .data          0x01012e40        0x0 ../music_lab_bsp\libhal_bsp.a(alt_irq_vars.o)
 .data          0x01012e40        0x0 ../music_lab_bsp\libhal_bsp.a(alt_open.o)
 .data          0x01012e40        0x0 ../music_lab_bsp\libhal_bsp.a(alt_tick.o)
 .data          0x01012e40        0x0 ../music_lab_bsp\libhal_bsp.a(altera_nios2_irq.o)
 .data          0x01012e40        0x0 ../music_lab_bsp\libhal_bsp.a(alt_exception_entry.o)
 .data          0x01012e40        0x0 ../music_lab_bsp\libhal_bsp.a(alt_find_dev.o)
 .data          0x01012e40        0x0 ../music_lab_bsp\libhal_bsp.a(alt_find_file.o)
 .data          0x01012e40        0x0 ../music_lab_bsp\libhal_bsp.a(alt_get_fd.o)
 .data          0x01012e40        0x0 ../music_lab_bsp\libhal_bsp.a(alt_icache_flush.o)
 .data          0x01012e40        0x0 c:/software/altera/10.1/nios2eds/bin/gnu/h-i686-mingw32/bin/../lib/gcc/nios2-elf/4.1.2/../../../../nios2-elf/lib/mno-hw-mul\libc.a(lib_a-atexit.o)
 .data          0x01012e40        0x0 c:/software/altera/10.1/nios2eds/bin/gnu/h-i686-mingw32/bin/../lib/gcc/nios2-elf/4.1.2/../../../../nios2-elf/lib/mno-hw-mul\libc.a(lib_a-ctype_.o)
 .data          0x01012e40        0x0 c:/software/altera/10.1/nios2eds/bin/gnu/h-i686-mingw32/bin/../lib/gcc/nios2-elf/4.1.2/../../../../nios2-elf/lib/mno-hw-mul\libc.a(lib_a-exit.o)
 .data          0x01012e40        0x0 c:/software/altera/10.1/nios2eds/bin/gnu/h-i686-mingw32/bin/../lib/gcc/nios2-elf/4.1.2/../../../../nios2-elf/lib/mno-hw-mul\libc.a(lib_a-memcmp.o)
 .data          0x01012e40        0x0 c:/software/altera/10.1/nios2eds/bin/gnu/h-i686-mingw32/bin/../lib/gcc/nios2-elf/4.1.2/../../../../nios2-elf/lib/mno-hw-mul\libc.a(lib_a-__atexit.o)
 .data          0x01012e40        0x0 c:/software/altera/10.1/nios2eds/bin/gnu/h-i686-mingw32/bin/../lib/gcc/nios2-elf/4.1.2/../../../../nios2-elf/lib/mno-hw-mul\libc.a(lib_a-__call_atexit.o)
 .data          0x01012e40        0x0 ../music_lab_bsp\libhal_bsp.a(alt_exit.o)
                0x0101ae40                _gp = ABSOLUTE ((. + 0x8000))
                0x0101ae40                PROVIDE (gp, _gp)
 *(.sdata .sdata.* .gnu.linkonce.s.*)
 .sdata         0x01012e40       0x37 obj/music_lab.o
                0x01012e40                cmd0
                0x01012e45                cmd55
                0x01012e4a                cmd2
                0x01012e4f                cmd3
                0x01012e54                cmd7
                0x01012e59                cmd9
                0x01012e5e                cmd16
                0x01012e63                cmd17
                0x01012e68                acmd6
                0x01012e6d                acmd41
                0x01012e72                acmd51
 *fill*         0x01012e77        0x1 00
 .sdata         0x01012e78        0x8 c:/software/altera/10.1/nios2eds/bin/gnu/h-i686-mingw32/bin/../lib/gcc/nios2-elf/4.1.2/../../../../nios2-elf/lib/mno-hw-mul\libc.a(lib_a-impure.o)
                0x01012e78                _impure_ptr
                0x01012e7c                _global_impure_ptr
 .sdata         0x01012e80        0x8 c:/software/altera/10.1/nios2eds/bin/gnu/h-i686-mingw32/bin/../lib/gcc/nios2-elf/4.1.2/../../../../nios2-elf/lib/mno-hw-mul\libc.a(lib_a-locale.o)
                0x01012e80                __mb_cur_max
 .sdata         0x01012e88        0x8 c:/software/altera/10.1/nios2eds/bin/gnu/h-i686-mingw32/bin/../lib/gcc/nios2-elf/4.1.2/../../../../nios2-elf/lib/mno-hw-mul\libc.a(lib_a-mallocr.o)
                0x01012e88                __malloc_trim_threshold
                0x01012e8c                __malloc_sbrk_base
 .sdata         0x01012e90       0x14 ../music_lab_bsp\libhal_bsp.a(alt_dev.o)
                0x01012e90                alt_fs_list
                0x01012e98                alt_dev_list
                0x01012ea0                alt_max_fd
 .sdata         0x01012ea4        0x4 ../music_lab_bsp\libhal_bsp.a(alt_errno.o)
                0x01012ea4                alt_errno
 .sdata         0x01012ea8        0x4 ../music_lab_bsp\libhal_bsp.a(alt_sbrk.o)
 .sdata         0x01012eac        0x4 ../music_lab_bsp\libhal_bsp.a(altera_avalon_lcd_16207.o)
 .sdata         0x01012eb0        0x4 ../music_lab_bsp\libhal_bsp.a(alt_irq_vars.o)
                0x01012eb0                alt_priority_mask
 .sdata         0x01012eb4        0x8 ../music_lab_bsp\libhal_bsp.a(alt_tick.o)
                0x01012eb4                alt_alarm_list
 .sdata         0x01012ebc        0x4 c:/software/altera/10.1/nios2eds/bin/gnu/h-i686-mingw32/bin/../lib/gcc/nios2-elf/4.1.2/../../../../nios2-elf/lib/mno-hw-mul\libc.a(lib_a-ctype_.o)
                0x01012ebc                __ctype_ptr
 *(.sdata2 .sdata2.* .gnu.linkonce.s2.*)
                0x01012ec0                . = ALIGN (0x4)
                0x01012ec0                _edata = ABSOLUTE (.)
                0x01012ec0                PROVIDE (edata, ABSOLUTE (.))
                0x01012ec0                PROVIDE (__ram_rwdata_end, ABSOLUTE (.))
                0x01012ec0                PROVIDE (__flash_rwdata_start, LOADADDR (.rwdata))

.bss            0x01014b7c      0x3f0
                0x01014b7c                __bss_start = ABSOLUTE (.)
                0x01014b7c                PROVIDE (__sbss_start, ABSOLUTE (.))
                0x01014b7c                PROVIDE (___sbss_start, ABSOLUTE (.))
 *(.dynsbss)
 *(.sbss .sbss.* .gnu.linkonce.sb.*)
 .sbss          0x01014b7c        0x8 obj/music_lab.o
                0x01014b7c                file_count
                0x01014b80                file_number
 .sbss          0x01014b84       0xd0 obj/music_lab.o
                0x01014b84                BS_BootSig_32
                0x01014b88                FAT32ClusEntryVal
                0x01014b8c                MBR_Bootable
                0x01014b8d                BS_FilSysType_16
                0x01014b95                BPB_SecPerClus
                0x01014b98                BPB_RootEntCnt
                0x01014b9c                FATOffset
                0x01014ba0                BPB_RootClus
                0x01014ba4                BPB_ExtFlags
                0x01014ba8                FirstRootDirSecNum
                0x01014bac                BS_DrvNum_32
                0x01014bb0                BPB_SecPerTrk
                0x01014bb4                BPB_HiddSec
                0x01014bb8                BS_FilSysType_32
                0x01014bc0                MBR_Partition_Type
                0x01014bc1                BS_JmpBoot
                0x01014bc4                FirstDataSector
                0x01014bc8                BPB_NumFATs
                0x01014bcc                BPB_FATSz16
                0x01014bd0                FAT16ClusEntryVal
                0x01014bd4                ThisFATEntOffset
                0x01014bd8                BS_VOLID_16
                0x01014bdc                BPB_BytsPerSec
                0x01014be0                BPB_FATSz32
                0x01014be4                FATSz
                0x01014be8                BPB_BkBootSec
                0x01014bec                FAT12ClusEntryVal
                0x01014bf0                BS_BootSig_16
                0x01014bf4                FATClusEntryVal
                0x01014bf8                BPB_TotSec16
                0x01014bfc                cmd_buffer
                0x01014c01                read_status
                0x01014c02                BS_OEMName
                0x01014c0a                FATType
                0x01014c10                ThisFATSecNum
                0x01014c14                MBR_Partition_Len
                0x01014c18                MBR_End_End
                0x01014c1c                BPB_TotSec32
                0x01014c20                DataSec
                0x01014c24                TotSec
                0x01014c28                CountofClusters
                0x01014c2c                RootDirSectors
                0x01014c30                BPB_RsvdSecCnt
                0x01014c34                RCA
                0x01014c38                BPB_NumHeads
                0x01014c3c                BS_VOLID_32
                0x01014c40                BS_DrvNum_16
                0x01014c44                BPB_FSInfo
                0x01014c48                BPB_Media
                0x01014c49                MBR_Start_Sector
                0x01014c4c                BPB_FSVer
                0x01014c50                MBR_BS_Location
 .sbss          0x01014c54        0xc c:/software/altera/10.1/nios2eds/bin/gnu/h-i686-mingw32/bin/../lib/gcc/nios2-elf/4.1.2/../../../../nios2-elf/lib/mno-hw-mul\libc.a(lib_a-locale.o)
                0x01014c54                __nlocale_changed
                0x01014c58                __mlocale_changed
                0x01014c5c                _PathLocale
 .sbss          0x01014c60        0xc c:/software/altera/10.1/nios2eds/bin/gnu/h-i686-mingw32/bin/../lib/gcc/nios2-elf/4.1.2/../../../../nios2-elf/lib/mno-hw-mul\libc.a(lib_a-mallocr.o)
                0x01014c60                __malloc_top_pad
                0x01014c64                __malloc_max_sbrked_mem
                0x01014c68                __malloc_max_total_mem
 .sbss          0x01014c6c        0x4 c:/software/altera/10.1/nios2eds/bin/gnu/h-i686-mingw32/bin/../lib/gcc/nios2-elf/4.1.2/../../../../nios2-elf/lib/mno-hw-mul\libc.a(lib_a-int_errno.o)
                0x01014c6c                errno
 .sbss          0x01014c70        0xc ../music_lab_bsp\libhal_bsp.a(alt_main.o)
                0x01014c70                alt_argc
                0x01014c74                alt_argv
                0x01014c78                alt_envp
 .sbss          0x01014c7c        0x4 ../music_lab_bsp\libhal_bsp.a(alt_irq_vars.o)
                0x01014c7c                alt_irq_active
 .sbss          0x01014c80        0x8 ../music_lab_bsp\libhal_bsp.a(alt_tick.o)
                0x01014c80                _alt_tick_rate
                0x01014c84                _alt_nticks
 *(.sbss2 .sbss2.* .gnu.linkonce.sb2.*)
 *(.scommon)
                0x01014c88                PROVIDE (__sbss_end, ABSOLUTE (.))
                0x01014c88                PROVIDE (___sbss_end, ABSOLUTE (.))
 *(.dynbss)
 *(.bss .bss.* .gnu.linkonce.b.*)
 .bss           0x01014c88        0x0 ../music_lab_bsp/obj/HAL/src/crt0.o
 .bss           0x01014c88        0x0 obj/LCD.o
 .bss           0x01014c88        0x0 obj/Open_I2C.o
 .bss           0x01014c88        0x0 obj/music_lab.o
 .bss           0x01014c88        0x0 obj/wm8731.o
 .bss           0x01014c88        0x0 c:/software/altera/10.1/nios2eds/bin/gnu/h-i686-mingw32/bin/../lib/gcc/nios2-elf/4.1.2/../../../../nios2-elf/lib/mno-hw-mul\libm.a(lib_a-s_ceil.o)
 .bss           0x01014c88        0x0 c:/software/altera/10.1/nios2eds/bin/gnu/h-i686-mingw32/bin/../lib/gcc/nios2-elf/4.1.2/../../../../nios2-elf/lib/mno-hw-mul\libm.a(lib_a-s_floor.o)
 .bss           0x01014c88        0x0 c:/software/altera/10.1/nios2eds/bin/gnu/h-i686-mingw32/bin/../lib/gcc/nios2-elf/4.1.2/mno-hw-mul\libgcc.a(_mul_sf.o)
 .bss           0x01014c88        0x0 c:/software/altera/10.1/nios2eds/bin/gnu/h-i686-mingw32/bin/../lib/gcc/nios2-elf/4.1.2/mno-hw-mul\libgcc.a(_sf_to_df.o)
 .bss           0x01014c88        0x0 c:/software/altera/10.1/nios2eds/bin/gnu/h-i686-mingw32/bin/../lib/gcc/nios2-elf/4.1.2/mno-hw-mul\libgcc.a(_thenan_sf.o)
 .bss           0x01014c88        0x0 c:/software/altera/10.1/nios2eds/bin/gnu/h-i686-mingw32/bin/../lib/gcc/nios2-elf/4.1.2/mno-hw-mul\libgcc.a(_usi_to_sf.o)
 .bss           0x01014c88        0x0 c:/software/altera/10.1/nios2eds/bin/gnu/h-i686-mingw32/bin/../lib/gcc/nios2-elf/4.1.2/mno-hw-mul\libgcc.a(_addsub_df.o)
 .bss           0x01014c88        0x0 c:/software/altera/10.1/nios2eds/bin/gnu/h-i686-mingw32/bin/../lib/gcc/nios2-elf/4.1.2/mno-hw-mul\libgcc.a(_gt_df.o)
 .bss           0x01014c88        0x0 c:/software/altera/10.1/nios2eds/bin/gnu/h-i686-mingw32/bin/../lib/gcc/nios2-elf/4.1.2/mno-hw-mul\libgcc.a(_si_to_df.o)
 .bss           0x01014c88        0x0 c:/software/altera/10.1/nios2eds/bin/gnu/h-i686-mingw32/bin/../lib/gcc/nios2-elf/4.1.2/mno-hw-mul\libgcc.a(_df_to_si.o)
 .bss           0x01014c88        0x0 c:/software/altera/10.1/nios2eds/bin/gnu/h-i686-mingw32/bin/../lib/gcc/nios2-elf/4.1.2/mno-hw-mul\libgcc.a(_make_df.o)
 .bss           0x01014c88        0x0 c:/software/altera/10.1/nios2eds/bin/gnu/h-i686-mingw32/bin/../lib/gcc/nios2-elf/4.1.2/mno-hw-mul\libgcc.a(_thenan_df.o)
 .bss           0x01014c88        0x0 c:/software/altera/10.1/nios2eds/bin/gnu/h-i686-mingw32/bin/../lib/gcc/nios2-elf/4.1.2/mno-hw-mul\libgcc.a(_usi_to_df.o)
 .bss           0x01014c88        0x0 c:/software/altera/10.1/nios2eds/bin/gnu/h-i686-mingw32/bin/../lib/gcc/nios2-elf/4.1.2/mno-hw-mul\libgcc.a(lib2-divmod.o)
 .bss           0x01014c88        0x0 c:/software/altera/10.1/nios2eds/bin/gnu/h-i686-mingw32/bin/../lib/gcc/nios2-elf/4.1.2/mno-hw-mul\libgcc.a(lib2-divtable.o)
 .bss           0x01014c88        0x0 c:/software/altera/10.1/nios2eds/bin/gnu/h-i686-mingw32/bin/../lib/gcc/nios2-elf/4.1.2/mno-hw-mul\libgcc.a(lib2-mul.o)
 .bss           0x01014c88        0x0 c:/software/altera/10.1/nios2eds/bin/gnu/h-i686-mingw32/bin/../lib/gcc/nios2-elf/4.1.2/mno-hw-mul\libgcc.a(_muldi3.o)
 .bss           0x01014c88        0x0 c:/software/altera/10.1/nios2eds/bin/gnu/h-i686-mingw32/bin/../lib/gcc/nios2-elf/4.1.2/mno-hw-mul\libgcc.a(_clzsi2.o)
 .bss           0x01014c88        0x0 c:/software/altera/10.1/nios2eds/bin/gnu/h-i686-mingw32/bin/../lib/gcc/nios2-elf/4.1.2/mno-hw-mul\libgcc.a(_pack_sf.o)
 .bss           0x01014c88        0x0 c:/software/altera/10.1/nios2eds/bin/gnu/h-i686-mingw32/bin/../lib/gcc/nios2-elf/4.1.2/mno-hw-mul\libgcc.a(_unpack_sf.o)
 .bss           0x01014c88        0x0 c:/software/altera/10.1/nios2eds/bin/gnu/h-i686-mingw32/bin/../lib/gcc/nios2-elf/4.1.2/mno-hw-mul\libgcc.a(_pack_df.o)
 .bss           0x01014c88        0x0 c:/software/altera/10.1/nios2eds/bin/gnu/h-i686-mingw32/bin/../lib/gcc/nios2-elf/4.1.2/mno-hw-mul\libgcc.a(_unpack_df.o)
 .bss           0x01014c88        0x0 c:/software/altera/10.1/nios2eds/bin/gnu/h-i686-mingw32/bin/../lib/gcc/nios2-elf/4.1.2/mno-hw-mul\libgcc.a(_fpcmp_parts_df.o)
 .bss           0x01014c88        0x0 c:/software/altera/10.1/nios2eds/bin/gnu/h-i686-mingw32/bin/../lib/gcc/nios2-elf/4.1.2/mno-hw-mul\libgcc.a(_clz.o)
 .bss           0x01014c88        0x0 c:/software/altera/10.1/nios2eds/bin/gnu/h-i686-mingw32/bin/../lib/gcc/nios2-elf/4.1.2/../../../../nios2-elf/lib/mno-hw-mul\libc.a(lib_a-memset.o)
 .bss           0x01014c88        0x0 c:/software/altera/10.1/nios2eds/bin/gnu/h-i686-mingw32/bin/../lib/gcc/nios2-elf/4.1.2/../../../../nios2-elf/lib/mno-hw-mul\libc.a(lib_a-printf.o)
 .bss           0x01014c88        0x0 c:/software/altera/10.1/nios2eds/bin/gnu/h-i686-mingw32/bin/../lib/gcc/nios2-elf/4.1.2/../../../../nios2-elf/lib/mno-hw-mul\libc.a(lib_a-puts.o)
 .bss           0x01014c88        0x0 c:/software/altera/10.1/nios2eds/bin/gnu/h-i686-mingw32/bin/../lib/gcc/nios2-elf/4.1.2/../../../../nios2-elf/lib/mno-hw-mul\libc.a(lib_a-strcmp.o)
 .bss           0x01014c88        0x0 c:/software/altera/10.1/nios2eds/bin/gnu/h-i686-mingw32/bin/../lib/gcc/nios2-elf/4.1.2/../../../../nios2-elf/lib/mno-hw-mul\libc.a(lib_a-strcpy.o)
 .bss           0x01014c88        0x0 c:/software/altera/10.1/nios2eds/bin/gnu/h-i686-mingw32/bin/../lib/gcc/nios2-elf/4.1.2/../../../../nios2-elf/lib/mno-hw-mul\libc.a(lib_a-strlen.o)
 .bss           0x01014c88        0x0 c:/software/altera/10.1/nios2eds/bin/gnu/h-i686-mingw32/bin/../lib/gcc/nios2-elf/4.1.2/../../../../nios2-elf/lib/mno-hw-mul\libc.a(lib_a-vfprintf.o)
 .bss           0x01014c88        0x0 c:/software/altera/10.1/nios2eds/bin/gnu/h-i686-mingw32/bin/../lib/gcc/nios2-elf/4.1.2/../../../../nios2-elf/lib/mno-hw-mul\libc.a(lib_a-wsetup.o)
 .bss           0x01014c88        0x0 c:/software/altera/10.1/nios2eds/bin/gnu/h-i686-mingw32/bin/../lib/gcc/nios2-elf/4.1.2/../../../../nios2-elf/lib/mno-hw-mul\libc.a(lib_a-dtoa.o)
 .bss           0x01014c88        0x0 c:/software/altera/10.1/nios2eds/bin/gnu/h-i686-mingw32/bin/../lib/gcc/nios2-elf/4.1.2/../../../../nios2-elf/lib/mno-hw-mul\libc.a(lib_a-fflush.o)
 .bss           0x01014c88        0x0 c:/software/altera/10.1/nios2eds/bin/gnu/h-i686-mingw32/bin/../lib/gcc/nios2-elf/4.1.2/../../../../nios2-elf/lib/mno-hw-mul\libc.a(lib_a-findfp.o)
 .bss           0x01014c88        0x0 c:/software/altera/10.1/nios2eds/bin/gnu/h-i686-mingw32/bin/../lib/gcc/nios2-elf/4.1.2/../../../../nios2-elf/lib/mno-hw-mul\libc.a(lib_a-freer.o)
 .bss           0x01014c88        0x0 c:/software/altera/10.1/nios2eds/bin/gnu/h-i686-mingw32/bin/../lib/gcc/nios2-elf/4.1.2/../../../../nios2-elf/lib/mno-hw-mul\libc.a(lib_a-fvwrite.o)
 .bss           0x01014c88        0x0 c:/software/altera/10.1/nios2eds/bin/gnu/h-i686-mingw32/bin/../lib/gcc/nios2-elf/4.1.2/../../../../nios2-elf/lib/mno-hw-mul\libc.a(lib_a-fwalk.o)
 .bss           0x01014c88        0x0 c:/software/altera/10.1/nios2eds/bin/gnu/h-i686-mingw32/bin/../lib/gcc/nios2-elf/4.1.2/../../../../nios2-elf/lib/mno-hw-mul\libc.a(lib_a-impure.o)
 .bss           0x01014c88        0x0 c:/software/altera/10.1/nios2eds/bin/gnu/h-i686-mingw32/bin/../lib/gcc/nios2-elf/4.1.2/../../../../nios2-elf/lib/mno-hw-mul\libc.a(lib_a-locale.o)
 .bss           0x01014c88        0x0 c:/software/altera/10.1/nios2eds/bin/gnu/h-i686-mingw32/bin/../lib/gcc/nios2-elf/4.1.2/../../../../nios2-elf/lib/mno-hw-mul\libc.a(lib_a-makebuf.o)
 .bss           0x01014c88       0x28 c:/software/altera/10.1/nios2eds/bin/gnu/h-i686-mingw32/bin/../lib/gcc/nios2-elf/4.1.2/../../../../nios2-elf/lib/mno-hw-mul\libc.a(lib_a-mallocr.o)
                0x01014c88                __malloc_current_mallinfo
 .bss           0x01014cb0        0x0 c:/software/altera/10.1/nios2eds/bin/gnu/h-i686-mingw32/bin/../lib/gcc/nios2-elf/4.1.2/../../../../nios2-elf/lib/mno-hw-mul\libc.a(lib_a-memchr.o)
 .bss           0x01014cb0        0x0 c:/software/altera/10.1/nios2eds/bin/gnu/h-i686-mingw32/bin/../lib/gcc/nios2-elf/4.1.2/../../../../nios2-elf/lib/mno-hw-mul\libc.a(lib_a-memcpy.o)
 .bss           0x01014cb0        0x0 c:/software/altera/10.1/nios2eds/bin/gnu/h-i686-mingw32/bin/../lib/gcc/nios2-elf/4.1.2/../../../../nios2-elf/lib/mno-hw-mul\libc.a(lib_a-memmove.o)
 .bss           0x01014cb0        0x0 c:/software/altera/10.1/nios2eds/bin/gnu/h-i686-mingw32/bin/../lib/gcc/nios2-elf/4.1.2/../../../../nios2-elf/lib/mno-hw-mul\libc.a(lib_a-mprec.o)
 .bss           0x01014cb0        0x0 c:/software/altera/10.1/nios2eds/bin/gnu/h-i686-mingw32/bin/../lib/gcc/nios2-elf/4.1.2/../../../../nios2-elf/lib/mno-hw-mul\libc.a(lib_a-reallocr.o)
 .bss           0x01014cb0        0x0 c:/software/altera/10.1/nios2eds/bin/gnu/h-i686-mingw32/bin/../lib/gcc/nios2-elf/4.1.2/../../../../nios2-elf/lib/mno-hw-mul\libc.a(lib_a-s_isinfd.o)
 .bss           0x01014cb0        0x0 c:/software/altera/10.1/nios2eds/bin/gnu/h-i686-mingw32/bin/../lib/gcc/nios2-elf/4.1.2/../../../../nios2-elf/lib/mno-hw-mul\libc.a(lib_a-s_isnand.o)
 .bss           0x01014cb0        0x0 c:/software/altera/10.1/nios2eds/bin/gnu/h-i686-mingw32/bin/../lib/gcc/nios2-elf/4.1.2/../../../../nios2-elf/lib/mno-hw-mul\libc.a(lib_a-sbrkr.o)
 .bss           0x01014cb0        0x0 c:/software/altera/10.1/nios2eds/bin/gnu/h-i686-mingw32/bin/../lib/gcc/nios2-elf/4.1.2/../../../../nios2-elf/lib/mno-hw-mul\libc.a(lib_a-stdio.o)
 .bss           0x01014cb0        0x0 c:/software/altera/10.1/nios2eds/bin/gnu/h-i686-mingw32/bin/../lib/gcc/nios2-elf/4.1.2/../../../../nios2-elf/lib/mno-hw-mul\libc.a(lib_a-writer.o)
 .bss           0x01014cb0        0x0 c:/software/altera/10.1/nios2eds/bin/gnu/h-i686-mingw32/bin/../lib/gcc/nios2-elf/4.1.2/../../../../nios2-elf/lib/mno-hw-mul\libc.a(lib_a-callocr.o)
 .bss           0x01014cb0        0x0 c:/software/altera/10.1/nios2eds/bin/gnu/h-i686-mingw32/bin/../lib/gcc/nios2-elf/4.1.2/../../../../nios2-elf/lib/mno-hw-mul\libc.a(lib_a-closer.o)
 .bss           0x01014cb0        0x0 c:/software/altera/10.1/nios2eds/bin/gnu/h-i686-mingw32/bin/../lib/gcc/nios2-elf/4.1.2/../../../../nios2-elf/lib/mno-hw-mul\libc.a(lib_a-fclose.o)
 .bss           0x01014cb0        0x0 c:/software/altera/10.1/nios2eds/bin/gnu/h-i686-mingw32/bin/../lib/gcc/nios2-elf/4.1.2/../../../../nios2-elf/lib/mno-hw-mul\libc.a(lib_a-fstatr.o)
 .bss           0x01014cb0        0x0 c:/software/altera/10.1/nios2eds/bin/gnu/h-i686-mingw32/bin/../lib/gcc/nios2-elf/4.1.2/../../../../nios2-elf/lib/mno-hw-mul\libc.a(lib_a-int_errno.o)
 .bss           0x01014cb0        0x0 c:/software/altera/10.1/nios2eds/bin/gnu/h-i686-mingw32/bin/../lib/gcc/nios2-elf/4.1.2/../../../../nios2-elf/lib/mno-hw-mul\libc.a(lib_a-isattyr.o)
 .bss           0x01014cb0        0x0 c:/software/altera/10.1/nios2eds/bin/gnu/h-i686-mingw32/bin/../lib/gcc/nios2-elf/4.1.2/../../../../nios2-elf/lib/mno-hw-mul\libc.a(lib_a-lseekr.o)
 .bss           0x01014cb0        0x0 c:/software/altera/10.1/nios2eds/bin/gnu/h-i686-mingw32/bin/../lib/gcc/nios2-elf/4.1.2/../../../../nios2-elf/lib/mno-hw-mul\libc.a(lib_a-readr.o)
 .bss           0x01014cb0        0x0 c:/software/altera/10.1/nios2eds/bin/gnu/h-i686-mingw32/bin/../lib/gcc/nios2-elf/4.1.2/mno-hw-mul\libgcc.a(_udivdi3.o)
 .bss           0x01014cb0        0x0 c:/software/altera/10.1/nios2eds/bin/gnu/h-i686-mingw32/bin/../lib/gcc/nios2-elf/4.1.2/mno-hw-mul\libgcc.a(_umoddi3.o)
 .bss           0x01014cb0        0x0 c:/software/altera/10.1/nios2eds/bin/gnu/h-i686-mingw32/bin/../lib/gcc/nios2-elf/4.1.2/mno-hw-mul\libgcc.a(_mul_df.o)
 .bss           0x01014cb0        0x0 c:/software/altera/10.1/nios2eds/bin/gnu/h-i686-mingw32/bin/../lib/gcc/nios2-elf/4.1.2/mno-hw-mul\libgcc.a(_div_df.o)
 .bss           0x01014cb0        0x0 c:/software/altera/10.1/nios2eds/bin/gnu/h-i686-mingw32/bin/../lib/gcc/nios2-elf/4.1.2/mno-hw-mul\libgcc.a(_eq_df.o)
 .bss           0x01014cb0        0x0 c:/software/altera/10.1/nios2eds/bin/gnu/h-i686-mingw32/bin/../lib/gcc/nios2-elf/4.1.2/mno-hw-mul\libgcc.a(_ne_df.o)
 .bss           0x01014cb0        0x0 c:/software/altera/10.1/nios2eds/bin/gnu/h-i686-mingw32/bin/../lib/gcc/nios2-elf/4.1.2/mno-hw-mul\libgcc.a(_ge_df.o)
 .bss           0x01014cb0        0x0 c:/software/altera/10.1/nios2eds/bin/gnu/h-i686-mingw32/bin/../lib/gcc/nios2-elf/4.1.2/mno-hw-mul\libgcc.a(_lt_df.o)
 .bss           0x01014cb0        0x0 ../music_lab_bsp\libhal_bsp.a(alt_close.o)
 .bss           0x01014cb0        0x0 ../music_lab_bsp\libhal_bsp.a(alt_dev.o)
 .bss           0x01014cb0        0x0 ../music_lab_bsp\libhal_bsp.a(alt_errno.o)
 .bss           0x01014cb0        0x0 ../music_lab_bsp\libhal_bsp.a(alt_fstat.o)
 .bss           0x01014cb0        0x0 ../music_lab_bsp\libhal_bsp.a(alt_isatty.o)
 .bss           0x01014cb0        0x0 ../music_lab_bsp\libhal_bsp.a(alt_load.o)
 .bss           0x01014cb0        0x0 ../music_lab_bsp\libhal_bsp.a(alt_lseek.o)
 .bss           0x01014cb0        0x0 ../music_lab_bsp\libhal_bsp.a(alt_main.o)
 .bss           0x01014cb0        0x0 ../music_lab_bsp\libhal_bsp.a(alt_malloc_lock.o)
 .bss           0x01014cb0        0x0 ../music_lab_bsp\libhal_bsp.a(alt_read.o)
 .bss           0x01014cb0        0x0 ../music_lab_bsp\libhal_bsp.a(alt_release_fd.o)
 .bss           0x01014cb0        0x0 ../music_lab_bsp\libhal_bsp.a(alt_sbrk.o)
 .bss           0x01014cb0        0x0 ../music_lab_bsp\libhal_bsp.a(alt_usleep.o)
 .bss           0x01014cb0        0x0 ../music_lab_bsp\libhal_bsp.a(alt_write.o)
 .bss           0x01014cb0        0x0 ../music_lab_bsp\libhal_bsp.a(alt_sys_init.o)
 .bss           0x01014cb0        0x0 ../music_lab_bsp\libhal_bsp.a(altera_avalon_jtag_uart_fd.o)
 .bss           0x01014cb0        0x0 ../music_lab_bsp\libhal_bsp.a(altera_avalon_jtag_uart_init.o)
 .bss           0x01014cb0        0x0 ../music_lab_bsp\libhal_bsp.a(altera_avalon_jtag_uart_ioctl.o)
 .bss           0x01014cb0        0x0 ../music_lab_bsp\libhal_bsp.a(altera_avalon_jtag_uart_read.o)
 .bss           0x01014cb0        0x0 ../music_lab_bsp\libhal_bsp.a(altera_avalon_jtag_uart_write.o)
 .bss           0x01014cb0        0x0 ../music_lab_bsp\libhal_bsp.a(altera_avalon_lcd_16207.o)
 .bss           0x01014cb0        0x0 ../music_lab_bsp\libhal_bsp.a(altera_avalon_lcd_16207_fd.o)
 .bss           0x01014cb0        0x0 ../music_lab_bsp\libhal_bsp.a(altera_avalon_timer_sc.o)
 .bss           0x01014cb0        0x0 ../music_lab_bsp\libhal_bsp.a(alt_alarm_start.o)
 .bss           0x01014cb0        0x0 ../music_lab_bsp\libhal_bsp.a(alt_busy_sleep.o)
 .bss           0x01014cb0        0x0 ../music_lab_bsp\libhal_bsp.a(alt_dcache_flush_all.o)
 .bss           0x01014cb0        0x0 ../music_lab_bsp\libhal_bsp.a(alt_dev_llist_insert.o)
 .bss           0x01014cb0        0x0 ../music_lab_bsp\libhal_bsp.a(alt_do_ctors.o)
 .bss           0x01014cb0        0x0 ../music_lab_bsp\libhal_bsp.a(alt_do_dtors.o)
 .bss           0x01014cb0        0x0 ../music_lab_bsp\libhal_bsp.a(alt_icache_flush_all.o)
 .bss           0x01014cb0        0x0 ../music_lab_bsp\libhal_bsp.a(alt_iic.o)
 .bss           0x01014cb0        0x0 ../music_lab_bsp\libhal_bsp.a(alt_iic_isr_register.o)
 .bss           0x01014cb0        0x0 ../music_lab_bsp\libhal_bsp.a(alt_io_redirect.o)
 .bss           0x01014cb0        0x0 ../music_lab_bsp\libhal_bsp.a(alt_irq_entry.o)
 .bss           0x01014cb0        0x0 ../music_lab_bsp\libhal_bsp.a(alt_irq_handler.o)
 .bss           0x01014cb0        0x0 ../music_lab_bsp\libhal_bsp.a(alt_irq_vars.o)
 .bss           0x01014cb0        0x0 ../music_lab_bsp\libhal_bsp.a(alt_open.o)
 .bss           0x01014cb0        0x0 ../music_lab_bsp\libhal_bsp.a(alt_tick.o)
 .bss           0x01014cb0        0x0 ../music_lab_bsp\libhal_bsp.a(altera_nios2_irq.o)
 .bss           0x01014cb0        0x0 ../music_lab_bsp\libhal_bsp.a(alt_exception_entry.o)
 .bss           0x01014cb0        0x0 ../music_lab_bsp\libhal_bsp.a(alt_find_dev.o)
 .bss           0x01014cb0        0x0 ../music_lab_bsp\libhal_bsp.a(alt_find_file.o)
 .bss           0x01014cb0        0x0 ../music_lab_bsp\libhal_bsp.a(alt_get_fd.o)
 .bss           0x01014cb0        0x0 ../music_lab_bsp\libhal_bsp.a(alt_icache_flush.o)
 .bss           0x01014cb0        0x0 c:/software/altera/10.1/nios2eds/bin/gnu/h-i686-mingw32/bin/../lib/gcc/nios2-elf/4.1.2/../../../../nios2-elf/lib/mno-hw-mul\libc.a(lib_a-atexit.o)
 .bss           0x01014cb0        0x0 c:/software/altera/10.1/nios2eds/bin/gnu/h-i686-mingw32/bin/../lib/gcc/nios2-elf/4.1.2/../../../../nios2-elf/lib/mno-hw-mul\libc.a(lib_a-ctype_.o)
 .bss           0x01014cb0        0x0 c:/software/altera/10.1/nios2eds/bin/gnu/h-i686-mingw32/bin/../lib/gcc/nios2-elf/4.1.2/../../../../nios2-elf/lib/mno-hw-mul\libc.a(lib_a-exit.o)
 .bss           0x01014cb0        0x0 c:/software/altera/10.1/nios2eds/bin/gnu/h-i686-mingw32/bin/../lib/gcc/nios2-elf/4.1.2/../../../../nios2-elf/lib/mno-hw-mul\libc.a(lib_a-memcmp.o)
 .bss           0x01014cb0        0x0 c:/software/altera/10.1/nios2eds/bin/gnu/h-i686-mingw32/bin/../lib/gcc/nios2-elf/4.1.2/../../../../nios2-elf/lib/mno-hw-mul\libc.a(lib_a-__atexit.o)
 .bss           0x01014cb0        0x0 c:/software/altera/10.1/nios2eds/bin/gnu/h-i686-mingw32/bin/../lib/gcc/nios2-elf/4.1.2/../../../../nios2-elf/lib/mno-hw-mul\libc.a(lib_a-__call_atexit.o)
 .bss           0x01014cb0        0x0 ../music_lab_bsp\libhal_bsp.a(alt_exit.o)
 *(COMMON)
 COMMON         0x01014cb0       0x2a obj/music_lab.o
                0x01014cb0                response_buffer
                0x01014cc4                BS_VOLLab_32
                0x01014ccf                BS_VOLLab_16
 *fill*         0x01014cda        0x2 00
 COMMON         0x01014cdc      0x100 ../music_lab_bsp\libhal_bsp.a(alt_irq_handler.o)
                0x01014cdc                alt_irq
 COMMON         0x01014ddc      0x190 c:/software/altera/10.1/nios2eds/bin/gnu/h-i686-mingw32/bin/../lib/gcc/nios2-elf/4.1.2/../../../../nios2-elf/lib/mno-hw-mul\libc.a(lib_a-atexit.o)
                0x01014ddc                _atexit0
                0x01014f6c                . = ALIGN (0x4)
                0x01014f6c                __bss_end = ABSOLUTE (.)

.sdram_0        0x01014f6c        0x0
                0x01014f6c                PROVIDE (_alt_partition_sdram_0_start, ABSOLUTE (.))
 *(.sdram_0. sdram_0.*)
                0x01014f6c                . = ALIGN (0x4)
                0x01014f6c                PROVIDE (_alt_partition_sdram_0_end, ABSOLUTE (.))
                0x01014f6c                _end = ABSOLUTE (.)
                0x01014f6c                end = ABSOLUTE (.)
                0x01014f6c                __alt_stack_base = ABSOLUTE (.)
                0x01014f6c                PROVIDE (_alt_partition_sdram_0_load_addr, LOADADDR (.sdram_0))

.stab
 *(.stab)

.stabstr
 *(.stabstr)

.stab.excl
 *(.stab.excl)

.stab.exclstr
 *(.stab.exclstr)

.stab.index
 *(.stab.index)

.stab.indexstr
 *(.stab.indexstr)

.comment        0x00000000       0x23
 *(.comment)
 .comment       0x00000000       0x23 obj/LCD.o
                                 0x24 (size before relaxing)
 .comment       0x00000000       0x24 obj/Open_I2C.o
 .comment       0x00000000       0x24 obj/music_lab.o
 .comment       0x00000000       0x24 obj/wm8731.o
 .comment       0x00000000       0x24 c:/software/altera/10.1/nios2eds/bin/gnu/h-i686-mingw32/bin/../lib/gcc/nios2-elf/4.1.2/../../../../nios2-elf/lib/mno-hw-mul\libm.a(lib_a-s_ceil.o)
 .comment       0x00000000       0x24 c:/software/altera/10.1/nios2eds/bin/gnu/h-i686-mingw32/bin/../lib/gcc/nios2-elf/4.1.2/../../../../nios2-elf/lib/mno-hw-mul\libm.a(lib_a-s_floor.o)
 .comment       0x00000000       0x24 c:/software/altera/10.1/nios2eds/bin/gnu/h-i686-mingw32/bin/../lib/gcc/nios2-elf/4.1.2/mno-hw-mul\libgcc.a(_mul_sf.o)
 .comment       0x00000000       0x24 c:/software/altera/10.1/nios2eds/bin/gnu/h-i686-mingw32/bin/../lib/gcc/nios2-elf/4.1.2/mno-hw-mul\libgcc.a(_sf_to_df.o)
 .comment       0x00000000       0x24 c:/software/altera/10.1/nios2eds/bin/gnu/h-i686-mingw32/bin/../lib/gcc/nios2-elf/4.1.2/mno-hw-mul\libgcc.a(_thenan_sf.o)
 .comment       0x00000000       0x24 c:/software/altera/10.1/nios2eds/bin/gnu/h-i686-mingw32/bin/../lib/gcc/nios2-elf/4.1.2/mno-hw-mul\libgcc.a(_usi_to_sf.o)
 .comment       0x00000000       0x24 c:/software/altera/10.1/nios2eds/bin/gnu/h-i686-mingw32/bin/../lib/gcc/nios2-elf/4.1.2/mno-hw-mul\libgcc.a(_addsub_df.o)
 .comment       0x00000000       0x24 c:/software/altera/10.1/nios2eds/bin/gnu/h-i686-mingw32/bin/../lib/gcc/nios2-elf/4.1.2/mno-hw-mul\libgcc.a(_gt_df.o)
 .comment       0x00000000       0x24 c:/software/altera/10.1/nios2eds/bin/gnu/h-i686-mingw32/bin/../lib/gcc/nios2-elf/4.1.2/mno-hw-mul\libgcc.a(_si_to_df.o)
 .comment       0x00000000       0x24 c:/software/altera/10.1/nios2eds/bin/gnu/h-i686-mingw32/bin/../lib/gcc/nios2-elf/4.1.2/mno-hw-mul\libgcc.a(_df_to_si.o)
 .comment       0x00000000       0x24 c:/software/altera/10.1/nios2eds/bin/gnu/h-i686-mingw32/bin/../lib/gcc/nios2-elf/4.1.2/mno-hw-mul\libgcc.a(_make_df.o)
 .comment       0x00000000       0x24 c:/software/altera/10.1/nios2eds/bin/gnu/h-i686-mingw32/bin/../lib/gcc/nios2-elf/4.1.2/mno-hw-mul\libgcc.a(_thenan_df.o)
 .comment       0x00000000       0x24 c:/software/altera/10.1/nios2eds/bin/gnu/h-i686-mingw32/bin/../lib/gcc/nios2-elf/4.1.2/mno-hw-mul\libgcc.a(_usi_to_df.o)
 .comment       0x00000000       0x24 c:/software/altera/10.1/nios2eds/bin/gnu/h-i686-mingw32/bin/../lib/gcc/nios2-elf/4.1.2/mno-hw-mul\libgcc.a(lib2-divmod.o)
 .comment       0x00000000       0x24 c:/software/altera/10.1/nios2eds/bin/gnu/h-i686-mingw32/bin/../lib/gcc/nios2-elf/4.1.2/mno-hw-mul\libgcc.a(lib2-divtable.o)
 .comment       0x00000000       0x24 c:/software/altera/10.1/nios2eds/bin/gnu/h-i686-mingw32/bin/../lib/gcc/nios2-elf/4.1.2/mno-hw-mul\libgcc.a(lib2-mul.o)
 .comment       0x00000000       0x24 c:/software/altera/10.1/nios2eds/bin/gnu/h-i686-mingw32/bin/../lib/gcc/nios2-elf/4.1.2/mno-hw-mul\libgcc.a(_muldi3.o)
 .comment       0x00000000       0x24 c:/software/altera/10.1/nios2eds/bin/gnu/h-i686-mingw32/bin/../lib/gcc/nios2-elf/4.1.2/mno-hw-mul\libgcc.a(_clzsi2.o)
 .comment       0x00000000       0x24 c:/software/altera/10.1/nios2eds/bin/gnu/h-i686-mingw32/bin/../lib/gcc/nios2-elf/4.1.2/mno-hw-mul\libgcc.a(_pack_sf.o)
 .comment       0x00000000       0x24 c:/software/altera/10.1/nios2eds/bin/gnu/h-i686-mingw32/bin/../lib/gcc/nios2-elf/4.1.2/mno-hw-mul\libgcc.a(_unpack_sf.o)
 .comment       0x00000000       0x24 c:/software/altera/10.1/nios2eds/bin/gnu/h-i686-mingw32/bin/../lib/gcc/nios2-elf/4.1.2/mno-hw-mul\libgcc.a(_pack_df.o)
 .comment       0x00000000       0x24 c:/software/altera/10.1/nios2eds/bin/gnu/h-i686-mingw32/bin/../lib/gcc/nios2-elf/4.1.2/mno-hw-mul\libgcc.a(_unpack_df.o)
 .comment       0x00000000       0x24 c:/software/altera/10.1/nios2eds/bin/gnu/h-i686-mingw32/bin/../lib/gcc/nios2-elf/4.1.2/mno-hw-mul\libgcc.a(_fpcmp_parts_df.o)
 .comment       0x00000000       0x24 c:/software/altera/10.1/nios2eds/bin/gnu/h-i686-mingw32/bin/../lib/gcc/nios2-elf/4.1.2/mno-hw-mul\libgcc.a(_clz.o)
 .comment       0x00000000       0x24 c:/software/altera/10.1/nios2eds/bin/gnu/h-i686-mingw32/bin/../lib/gcc/nios2-elf/4.1.2/../../../../nios2-elf/lib/mno-hw-mul\libc.a(lib_a-memset.o)
 .comment       0x00000000       0x24 c:/software/altera/10.1/nios2eds/bin/gnu/h-i686-mingw32/bin/../lib/gcc/nios2-elf/4.1.2/../../../../nios2-elf/lib/mno-hw-mul\libc.a(lib_a-printf.o)
 .comment       0x00000000       0x24 c:/software/altera/10.1/nios2eds/bin/gnu/h-i686-mingw32/bin/../lib/gcc/nios2-elf/4.1.2/../../../../nios2-elf/lib/mno-hw-mul\libc.a(lib_a-puts.o)
 .comment       0x00000000       0x24 c:/software/altera/10.1/nios2eds/bin/gnu/h-i686-mingw32/bin/../lib/gcc/nios2-elf/4.1.2/../../../../nios2-elf/lib/mno-hw-mul\libc.a(lib_a-strcmp.o)
 .comment       0x00000000       0x24 c:/software/altera/10.1/nios2eds/bin/gnu/h-i686-mingw32/bin/../lib/gcc/nios2-elf/4.1.2/../../../../nios2-elf/lib/mno-hw-mul\libc.a(lib_a-strcpy.o)
 .comment       0x00000000       0x24 c:/software/altera/10.1/nios2eds/bin/gnu/h-i686-mingw32/bin/../lib/gcc/nios2-elf/4.1.2/../../../../nios2-elf/lib/mno-hw-mul\libc.a(lib_a-strlen.o)
 .comment       0x00000000       0x24 c:/software/altera/10.1/nios2eds/bin/gnu/h-i686-mingw32/bin/../lib/gcc/nios2-elf/4.1.2/../../../../nios2-elf/lib/mno-hw-mul\libc.a(lib_a-vfprintf.o)
 .comment       0x00000000       0x24 c:/software/altera/10.1/nios2eds/bin/gnu/h-i686-mingw32/bin/../lib/gcc/nios2-elf/4.1.2/../../../../nios2-elf/lib/mno-hw-mul\libc.a(lib_a-wsetup.o)
 .comment       0x00000000       0x24 c:/software/altera/10.1/nios2eds/bin/gnu/h-i686-mingw32/bin/../lib/gcc/nios2-elf/4.1.2/../../../../nios2-elf/lib/mno-hw-mul\libc.a(lib_a-dtoa.o)
 .comment       0x00000000       0x24 c:/software/altera/10.1/nios2eds/bin/gnu/h-i686-mingw32/bin/../lib/gcc/nios2-elf/4.1.2/../../../../nios2-elf/lib/mno-hw-mul\libc.a(lib_a-fflush.o)
 .comment       0x00000000       0x24 c:/software/altera/10.1/nios2eds/bin/gnu/h-i686-mingw32/bin/../lib/gcc/nios2-elf/4.1.2/../../../../nios2-elf/lib/mno-hw-mul\libc.a(lib_a-findfp.o)
 .comment       0x00000000       0x24 c:/software/altera/10.1/nios2eds/bin/gnu/h-i686-mingw32/bin/../lib/gcc/nios2-elf/4.1.2/../../../../nios2-elf/lib/mno-hw-mul\libc.a(lib_a-freer.o)
 .comment       0x00000000       0x24 c:/software/altera/10.1/nios2eds/bin/gnu/h-i686-mingw32/bin/../lib/gcc/nios2-elf/4.1.2/../../../../nios2-elf/lib/mno-hw-mul\libc.a(lib_a-fvwrite.o)
 .comment       0x00000000       0x24 c:/software/altera/10.1/nios2eds/bin/gnu/h-i686-mingw32/bin/../lib/gcc/nios2-elf/4.1.2/../../../../nios2-elf/lib/mno-hw-mul\libc.a(lib_a-fwalk.o)
 .comment       0x00000000       0x24 c:/software/altera/10.1/nios2eds/bin/gnu/h-i686-mingw32/bin/../lib/gcc/nios2-elf/4.1.2/../../../../nios2-elf/lib/mno-hw-mul\libc.a(lib_a-impure.o)
 .comment       0x00000000       0x24 c:/software/altera/10.1/nios2eds/bin/gnu/h-i686-mingw32/bin/../lib/gcc/nios2-elf/4.1.2/../../../../nios2-elf/lib/mno-hw-mul\libc.a(lib_a-locale.o)
 .comment       0x00000000       0x24 c:/software/altera/10.1/nios2eds/bin/gnu/h-i686-mingw32/bin/../lib/gcc/nios2-elf/4.1.2/../../../../nios2-elf/lib/mno-hw-mul\libc.a(lib_a-makebuf.o)
 .comment       0x00000000       0x24 c:/software/altera/10.1/nios2eds/bin/gnu/h-i686-mingw32/bin/../lib/gcc/nios2-elf/4.1.2/../../../../nios2-elf/lib/mno-hw-mul\libc.a(lib_a-mallocr.o)
 .comment       0x00000000       0x24 c:/software/altera/10.1/nios2eds/bin/gnu/h-i686-mingw32/bin/../lib/gcc/nios2-elf/4.1.2/../../../../nios2-elf/lib/mno-hw-mul\libc.a(lib_a-memchr.o)
 .comment       0x00000000       0x24 c:/software/altera/10.1/nios2eds/bin/gnu/h-i686-mingw32/bin/../lib/gcc/nios2-elf/4.1.2/../../../../nios2-elf/lib/mno-hw-mul\libc.a(lib_a-memcpy.o)
 .comment       0x00000000       0x24 c:/software/altera/10.1/nios2eds/bin/gnu/h-i686-mingw32/bin/../lib/gcc/nios2-elf/4.1.2/../../../../nios2-elf/lib/mno-hw-mul\libc.a(lib_a-memmove.o)
 .comment       0x00000000       0x24 c:/software/altera/10.1/nios2eds/bin/gnu/h-i686-mingw32/bin/../lib/gcc/nios2-elf/4.1.2/../../../../nios2-elf/lib/mno-hw-mul\libc.a(lib_a-mprec.o)
 .comment       0x00000000       0x24 c:/software/altera/10.1/nios2eds/bin/gnu/h-i686-mingw32/bin/../lib/gcc/nios2-elf/4.1.2/../../../../nios2-elf/lib/mno-hw-mul\libc.a(lib_a-reallocr.o)
 .comment       0x00000000       0x24 c:/software/altera/10.1/nios2eds/bin/gnu/h-i686-mingw32/bin/../lib/gcc/nios2-elf/4.1.2/../../../../nios2-elf/lib/mno-hw-mul\libc.a(lib_a-s_isinfd.o)
 .comment       0x00000000       0x24 c:/software/altera/10.1/nios2eds/bin/gnu/h-i686-mingw32/bin/../lib/gcc/nios2-elf/4.1.2/../../../../nios2-elf/lib/mno-hw-mul\libc.a(lib_a-s_isnand.o)
 .comment       0x00000000       0x24 c:/software/altera/10.1/nios2eds/bin/gnu/h-i686-mingw32/bin/../lib/gcc/nios2-elf/4.1.2/../../../../nios2-elf/lib/mno-hw-mul\libc.a(lib_a-sbrkr.o)
 .comment       0x00000000       0x24 c:/software/altera/10.1/nios2eds/bin/gnu/h-i686-mingw32/bin/../lib/gcc/nios2-elf/4.1.2/../../../../nios2-elf/lib/mno-hw-mul\libc.a(lib_a-stdio.o)
 .comment       0x00000000       0x24 c:/software/altera/10.1/nios2eds/bin/gnu/h-i686-mingw32/bin/../lib/gcc/nios2-elf/4.1.2/../../../../nios2-elf/lib/mno-hw-mul\libc.a(lib_a-writer.o)
 .comment       0x00000000       0x24 c:/software/altera/10.1/nios2eds/bin/gnu/h-i686-mingw32/bin/../lib/gcc/nios2-elf/4.1.2/../../../../nios2-elf/lib/mno-hw-mul\libc.a(lib_a-callocr.o)
 .comment       0x00000000       0x24 c:/software/altera/10.1/nios2eds/bin/gnu/h-i686-mingw32/bin/../lib/gcc/nios2-elf/4.1.2/../../../../nios2-elf/lib/mno-hw-mul\libc.a(lib_a-closer.o)
 .comment       0x00000000       0x24 c:/software/altera/10.1/nios2eds/bin/gnu/h-i686-mingw32/bin/../lib/gcc/nios2-elf/4.1.2/../../../../nios2-elf/lib/mno-hw-mul\libc.a(lib_a-fclose.o)
 .comment       0x00000000       0x24 c:/software/altera/10.1/nios2eds/bin/gnu/h-i686-mingw32/bin/../lib/gcc/nios2-elf/4.1.2/../../../../nios2-elf/lib/mno-hw-mul\libc.a(lib_a-fstatr.o)